Enter the crossover probability (0.0 - 1.0): Enter the mutation probability (0.0 - 1.0): Enter the max number of generations: 

------------------------------------------------------------
 #	Chromosome	x	Fitness	Parents
------------------------------------------------------------

001  0111110111100100 -0.329	9.138	(-1,-1)
002  0100101001111011 -8.362	0.014	(-1,-1)
003  1001011100010001 3.604	0.077	(-1,-1)
004  0001000110000000 -17.266	0.003	(-1,-1)
005  1110011110000000 16.172	0.004	(-1,-1)
006  0001011011110111 -16.412	0.004	(-1,-1)
007  1100000000101110 10.029	0.010	(-1,-1)
008  1100010011111111 10.781	0.009	(-1,-1)
009  1110110000001001 16.881	0.004	(-1,-1)
010  0101001001000110 -7.145	0.020	(-1,-1)
011  1001011010010100 3.528	0.080	(-1,-1)
012  0111001011001001 -2.065	0.235	(-1,-1)
013  0100001100010110 -9.518	0.011	(-1,-1)
014  0100101100000110 -8.277	0.015	(-1,-1)
015  0010011110011000 -13.813	0.005	(-1,-1)
016  1111100001010100 18.802	0.003	(-1,-1)
017  0110100111001110 -3.468	0.083	(-1,-1)
018  1011001101001011 8.015	0.016	(-1,-1)
019  0001100011001110 -16.124	0.004	(-1,-1)
020  0110101100010101 -3.268	0.094	(-1,-1)
021  0011111110000110 -10.074	0.010	(-1,-1)
022  0000101110001011 -18.196	0.003	(-1,-1)
023  1011000000111011 7.536	0.018	(-1,-1)
024  0001100001100001 -16.191	0.004	(-1,-1)
025  1100100011100100 11.390	0.008	(-1,-1)
026  1000011100101100 1.121	0.795	(-1,-1)
027  1110001111010000 15.596	0.004	(-1,-1)
028  1100001101010101 10.521	0.009	(-1,-1)
029  0001000010101001 -17.397	0.003	(-1,-1)
030  1110110000010110 16.889	0.004	(-1,-1)
031  1111001011010100 17.942	0.003	(-1,-1)
032  0010010001000110 -14.332	0.005	(-1,-1)
033  1111011110011001 18.688	0.003	(-1,-1)
034  1101010100111111 13.320	0.006	(-1,-1)
035  1101000001010011 12.551	0.006	(-1,-1)
036  1110011101011110 16.152	0.004	(-1,-1)
037  0111101111110111 -0.630	2.512	(-1,-1)
038  1000001011011110 0.448	4.951	(-1,-1)
039  0110010100101100 -4.192	0.057	(-1,-1)
040  1001100000011010 3.766	0.070	(-1,-1)
041  1110010011111010 15.778	0.004	(-1,-1)
042  1000011111011001 1.227	0.664	(-1,-1)
043  1111010010100111 18.228	0.003	(-1,-1)
044  1010100100111110 6.444	0.024	(-1,-1)
045  0100111110010110 -7.565	0.017	(-1,-1)
046  0100010001010100 -9.324	0.012	(-1,-1)
047  1110011111001000 16.216	0.004	(-1,-1)
048  1101011001101011 13.503	0.005	(-1,-1)
049  1111010011001000 18.248	0.003	(-1,-1)
050  1110010110010101 15.873	0.004	(-1,-1)
051  0011111011100111 -10.171	0.010	(-1,-1)
052  1100001000111100 10.350	0.009	(-1,-1)
053  1111101000100000 19.083	0.003	(-1,-1)
054  0011111110000110 -10.074	0.010	(-1,-1)
055  1111010001110110 18.198	0.003	(-1,-1)
056  0001111000100100 -15.290	0.004	(-1,-1)
057  0010101010100011 -13.338	0.006	(-1,-1)
058  1101000100101010 12.682	0.006	(-1,-1)
059  1101101100101100 14.246	0.005	(-1,-1)
060  0001000110011110 -17.247	0.003	(-1,-1)
061  0010001000100111 -14.664	0.005	(-1,-1)
062  0101010001110011 -6.805	0.022	(-1,-1)
063  0010011100000110 -13.902	0.005	(-1,-1)
064  1011100111001101 9.032	0.012	(-1,-1)
065  0001111101100110 -15.094	0.004	(-1,-1)
066  1000100011101101 1.395	0.514	(-1,-1)
067  1111000010101010 17.604	0.003	(-1,-1)
068  1110101011110000 16.710	0.004	(-1,-1)
069  1001000011110001 2.647	0.143	(-1,-1)
070  1000011001111000 1.011	0.977	(-1,-1)
071  0011101010011010 -10.843	0.009	(-1,-1)
072  0111111001110010 -0.243	16.705	(-1,-1)
073  0100110001011000 -8.071	0.015	(-1,-1)
074  0111110110010101 -0.378	6.968	(-1,-1)
075  0010001011000000 -14.570	0.005	(-1,-1)
076  0001100001011000 -16.196	0.004	(-1,-1)
077  0100111011110001 -7.665	0.017	(-1,-1)
078  0000111001111110 -17.736	0.003	(-1,-1)
079  0110000000110000 -4.970	0.040	(-1,-1)
080  0010100011110111 -13.599	0.005	(-1,-1)
081  1010100001100110 6.313	0.025	(-1,-1)
082  0010110100011011 -12.952	0.006	(-1,-1)
083  0010010011011001 -14.242	0.005	(-1,-1)
084  0110101101101010 -3.216	0.097	(-1,-1)
085  1111010011101000 18.267	0.003	(-1,-1)
086  1100010010101110 10.732	0.009	(-1,-1)
087  0000001111011011 -19.398	0.003	(-1,-1)
088  0000011100011110 -18.888	0.003	(-1,-1)
089  0000001010010001 -19.599	0.003	(-1,-1)
090  0110110100000000 -2.968	0.113	(-1,-1)
091  0011110010100011 -10.525	0.009	(-1,-1)
092  0101000011010000 -7.373	0.018	(-1,-1)
093  1101001111110010 13.117	0.006	(-1,-1)
094  0111100010011001 -1.156	0.747	(-1,-1)
095  1111001100001111 17.978	0.003	(-1,-1)
096  1000101011010111 1.694	0.348	(-1,-1)
097  1001110001011110 4.433	0.051	(-1,-1)
098  0011100101101000 -11.030	0.008	(-1,-1)
099  1011011101101000 8.658	0.013	(-1,-1)
100  1110001110111011 15.583	0.004	(-1,-1)
------------------------------------------------------------

Average fitness: 0.460

Best fitness: 16.705


	Generation 1 completed successfully


------------------------------------------------------------
 #	Chromosome	x	Fitness	Parents
------------------------------------------------------------

001  100/1011100010001 3.604	0.077	(3,3)
002  101/1100(1)10001000 8.990	0.012	(3,3)
003  011111(1)111100100 -0.017	780.193	(0,0)
004  0111110111100100 -0.329	9.138	(0,0)
005  11100111(0)0000000 16.094	0.004	(0,0)
006  1001011100010001 3.604	0.077	(0,0)
007  0001/011100010001 -16.396	0.004	(4,3)
008  0001/100000000000 -16.250	0.004	(4,3)
009  011/0011110000000 -3.828	0.068	(1,5)
010  111/0111100100000 17.364	0.003	(1,5)
011  000100011000/0000 -17.266	0.003	(4,5)
012  000000000001/1100 -19.983	0.003	(4,5)
013  0100101001111011 -8.362	0.014	(0,0)
014  0001000110000000 -17.266	0.003	(0,0)
015  010010100111/0000 -8.369	0.014	(2,5)
016  101100000001/1100 7.518	0.018	(2,5)
017  010010100111/0001 -8.368	0.014	(2,3)
018  101100000001/0010 7.511	0.018	(2,3)
019  0100101001111011 -8.362	0.014	(0,0)
020  (0)001011100010001 -16.396	0.004	(0,0)
021  100101/1110000000 3.672	0.074	(3,5)
022  110001/0001100000 10.684	0.009	(3,5)
023  1110011110000000 16.172	0.004	(0,0)
024  0100101001111011 -8.362	0.014	(0,0)
025  01/00101(1)01111011 -8.206	0.015	(1,2)
026  11/11011110010000 18.682	0.003	(1,2)
027  1110011/110000000 16.172	0.004	(5,5)
028  1100000/000011000 10.015	0.010	(5,5)
029  010/1110111100100 -5.329	0.035	(2,1)
030  010/1001111011000 -6.899	0.021	(2,1)
031  (1)111110111100/000 19.669	0.003	(1,5)
032  1000000000001/110 0.009	927.363	(1,5)
033  011111011/1111011 -0.315	9.962	(1,2)
034  110010000/1001010 11.296	0.008	(1,2)
035  11/00101001111011 11.638	0.007	(5,2)
036  10/01111000000000 4.688	0.046	(5,2)
037  111001/0110000000 15.860	0.004	(5,4)
038  111000/0000000000 15.001	0.004	(5,4)
039  10010111000/10001 3.604	0.077	(3,3)
040  10001000001/00(0)01 1.270	0.619	(3,3)
041  10010111000/10001 3.604	0.077	(3,3)
042  10001000001/00101 1.273	0.617	(3,3)
043  0001000/110000000 -17.266	0.003	(4,5)
044  1100000/000011000 10.015	0.010	(4,5)
045  0100101/011110111 -8.287	0.015	(2,6)
046  0011110/111011000 -10.337	0.009	(2,6)
047  0100101001/010001 -8.388	0.014	(2,3)
048  1110110001/001011 16.921	0.003	(2,3)
049  010010100111(0)0/11 -8.367	0.014	(2,2)
050  11000000000000/10 10.002	0.010	(2,2)
051  000100/1001111011 -17.112	0.003	(4,2)
052  011000/0000000000 -5.000	0.040	(4,2)
053  011111011/0000000 -0.390	6.521	(1,5)
054  110010001/1100111 11.391	0.008	(1,5)
055  11100/11100010001 16.105	0.004	(5,3)
056  11110/00000000000 17.501	0.003	(5,3)
057  10010/11110000000 3.672	0.074	(3,5)
058  11100/01000100000 15.333	0.004	(3,5)
059  1001011/111100100 3.733	0.072	(3,1)
060  1000100/011110000 1.397	0.512	(3,1)
061  010010(0)00111/0000 -8.681	0.013	(2,5)
062  101100000001/1100 7.518	0.018	(2,5)
063  0100101001111/011 -8.362	0.014	(2,2)
064  0110000000000/100 -4.997	0.040	(2,2)
065  00010(1)0110000000 -16.641	0.004	(0,0)
066  011111011(0)100100 -0.368	7.316	(0,0)
067  0100101001(0)11011 -8.382	0.014	(0,0)
068  1110011110000000 16.172	0.004	(0,0)
069  0111110/111100100 -0.329	9.138	(1,1)
070  1111001/001110000 17.881	0.003	(1,1)
071  0100101001111011 -8.362	0.014	(0,0)
072  1110011110000000 16.172	0.004	(0,0)
073  10010111/10000000 3.672	0.074	(3,4)
074  00010001/00100010 -17.323	0.003	(3,4)
075  11100111100/11011 16.189	0.004	(5,2)
076  00000000000/10010 -19.989	0.003	(5,2)
077  1110011110000/000 16.172	0.004	(5,5)
078  00000000(1)0001/110 -19.913	0.003	(5,5)
079  0111110111100/011 -0.330	9.105	(1,2)
080  100000000000(1)/100 0.008	944.993	(1,2)
081  1110011/111100100 16.233	0.004	(5,1)
082  1(0)00000/001110000 0.069	174.979	(5,1)
083  0111110/110000000 -0.390	6.521	(1,4)
084  1111001/001000000 17.852	0.003	(1,4)
085  1110(1)111100/11011 17.439	0.003	(5,2)
086  0111111001110010 -0.243	16.705	(-1,-1)
087  1110011110000000 16.172	0.004	(0,0)
088  0111(0)10111100100 -1.579	0.401	(0,0)
089  0100101/111100100 -8.142	0.015	(2,1)
090  00111(0)0/111110000 -10.947	0.008	(2,1)
091  1001011100010001 3.604	0.077	(0,0)
092  1001011100010001 3.604	0.077	(0,0)
093  11100/11100010001 16.105	0.004	(5,3)
094  11110/00000000000 17.501	0.003	(5,3)
095  01111101111001/00 -0.329	9.138	(1,1)
096  0111111001110010 -0.243	16.705	(-1,-1)
097  1110011110000000 16.172	0.004	(0,0)
098  0100101001111011 -8.362	0.014	(0,0)
099  0111/110111100100 -0.329	9.138	(1,1)
100  1101/111001000000 14.727	0.005	(1,1)
------------------------------------------------------------

Average fitness: 29.406

Best fitness: 944.993


	Generation 2 completed successfully


------------------------------------------------------------
 #	Chromosome	x	Fitness	Parents
------------------------------------------------------------

001  0111111111100100 -0.017	780.193	(0,0)
002  0111110111100100 -0.329	9.138	(0,0)
003  1110011100/100100 16.116	0.004	(5,4)
004  0000000110/111110 -19.728	0.003	(5,4)
005  100/1(1)11100010001 4.855	0.042	(6,6)
006  101/11(1)0010001111 9.463	0.011	(6,6)
007  01/01011100010001 -6.396	0.024	(3,6)
008  100000000000(1)/100 0.008	944.993	(1,2)
009  0111(0)/11100010001 -1.396	0.513	(3,6)
010  11111/10010000110 19.457	0.003	(3,6)
011  01/11111(0)11100100 -0.173	32.319	(4,3)
012  11/11011110010001 18.683	0.003	(4,3)
013  1110011100000000 16.094	0.004	(0,0)
014  0111110111100100 -0.329	9.138	(0,0)
015  1110011100000/000 16.094	0.004	(5,5)
016  0001100001011/110 -16.193	0.004	(5,5)
017  10/10011100000000 6.094	0.027	(6,5)
018  01/01110001000111 -5.581	0.032	(6,5)
019  01111111/11100100 -0.017	780.193	(3,3)
020  11100100/11111111 15.781	0.004	(3,3)
021  1001011100010001 3.604	0.077	(0,0)
022  1110011100000000 16.094	0.004	(0,0)
023  1001011100010001 3.604	0.077	(0,0)
024  0111110111100100 -0.329	9.138	(0,0)
025  1110011100000000 16.094	0.004	(0,0)
026  01(0)1110111100100 -5.329	0.035	(0,0)
027  011111111(0)100100 -0.056	242.777	(0,0)
028  10(1)1011100010001 8.605	0.014	(0,0)
029  01111/11100000000 -0.156	39.495	(3,5)
030  11111/10010010110 19.467	0.003	(3,5)
031  1110/011100010001 16.105	0.004	(5,6)
032  0111/000000000110 -2.496	0.160	(5,6)
033  1110011100000000 16.094	0.004	(0,0)
034  1001011100010001 3.604	0.077	(0,0)
035  1110011100000000 16.094	0.004	(0,0)
036  0111110111100100 -0.329	9.138	(0,0)
037  1001011100010001 3.604	0.077	(0,0)
038  1110011100000000 16.094	0.004	(0,0)
039  100/1110111100100 4.671	0.046	(6,4)
040  101/1100010001010 8.835	0.013	(6,4)
041  0111/011100000000 -1.406	0.506	(4,5)
042  1101/111001001001 14.733	0.005	(4,5)
043  1001(1)/10111100100 4.671	0.046	(6,4)
044  11100/01000111(0)10 15.348	0.004	(6,4)
045  (0)0010111000/00000 -16.406	0.004	(6,5)
046  10001100011/11001 1.949	0.263	(6,5)
047  10010/11100010001 3.604	0.077	(6,6)
048  11100/01000101011 15.339	0.004	(6,6)
049  1001/011100010001 3.604	0.077	(6,6)
050  0111/000100010101 -2.331	0.184	(6,6)
051  11100/10111100100 15.921	0.004	(5,4)
052  11100/00000011100 15.018	0.004	(5,4)
053  11/11110111100100 19.671	0.003	(5,4)
054  10/01110000000010 4.377	0.052	(5,4)
055  1001011100010001 3.604	0.077	(0,0)
056  0111110111100100 -0.329	9.138	(0,0)
057  10010111000/00100 3.597	0.077	(6,3)
058  10001001000/11111 1.425	0.492	(6,3)
059  011111/0111100100 -0.329	9.138	(4,4)
060  011110/0100111110 -1.056	0.897	(4,4)
061  11100111000000/00 16.094	0.004	(5,4)
062  00010100011100/11 -16.805	0.004	(5,4)
063  01111111111/00100 -0.017	780.193	(3,3)
064  00100001110/11111 -14.708	0.005	(3,3)
065  01111101111/00100 -0.329	9.138	(4,4)
066  00100000110/11111 -14.864	0.005	(4,4)
067  011111111/(0)100100 -0.056	242.777	(3,4)
068  11001000(1)/1111101 11.405	0.008	(3,4)
069  0111111111100100 -0.017	780.193	(0,0)
070  111001(0)100000000 15.782	0.004	(0,0)
071  10010111/1(0)100100 3.694	0.073	(6,4)
072  00010001/11111010 -17.191	0.003	(6,4)
073  01111101111/00100 -0.329	9.138	(4,4)
074  00100101100/11111 -14.122	0.005	(4,4)
075  1001011100/100100 3.616	0.076	(6,4)
076  0100010000/111110 -9.337	0.011	(6,4)
077  111001/1111100100 16.233	0.004	(5,3)
078  11000(1)/0000111110 10.663	0.009	(5,3)
079  1001011(0)00010001 3.448	0.084	(0,0)
080  0111111111100100 -0.017	780.193	(0,0)
081  11100111000/10001 16.105	0.004	(5,6)
082  00000101001/00101 -19.196	0.003	(5,6)
083  011111111110/0001 -0.019	742.635	(3,6)
084  0100101101(0)1/0010 -8.231	0.015	(3,6)
085  100101110/1100100 3.655	0.075	(6,4)
086  001000100/11(0)1101 -14.621	0.005	(6,4)
087  011111011/1100100 -0.329	9.138	(4,4)
088  110010010/(0)111101 11.444	0.008	(4,4)
089  111001110/1100100 16.155	0.004	(5,3)
090  100000000000(1)/100 0.008	944.993	(1,2)
091  0111110111100100 -0.329	9.138	(0,0)
092  1110011100000000 16.094	0.004	(0,0)
093  01(0)1111111100100 -5.017	0.040	(0,0)
094  0111110111100100 -0.329	9.138	(0,0)
095  01111/11100000000 -0.156	39.495	(4,5)
096  10111/10010010111 9.468	0.011	(4,5)
097  11100/11111100100 16.233	0.004	(5,3)
098  11100/00000001000 15.005	0.004	(5,3)
099  10/10011100000000 6.094	0.027	(6,5)
100  01/01110001000111 -5.581	0.032	(6,5)
------------------------------------------------------------

Average fitness: 72.356

Best fitness: 944.993


	Generation 3 completed successfully


------------------------------------------------------------
 #	Chromosome	x	Fitness	Parents
------------------------------------------------------------

001  0111111111100100 -0.017	780.193	(0,0)
002  1110011(0)00100100 15.960	0.004	(0,0)
003  011111(0)111100100 -0.329	9.138	(0,0)
004  11100111001001(1)0 16.117	0.004	(0,0)
005  1000/011100010001 1.104	0.819	(8,7)
006  0000/000011000001 -19.882	0.003	(8,7)
007  1000/111100010001 2.354	0.180	(8,5)
008  0000/000011000000 -19.883	0.003	(8,5)
009  011/1110111100100 -0.329	9.138	(1,2)
010  111/1111100100000 19.864	0.003	(1,2)
011  0111110111100/100 -0.329	9.138	(2,8)
012  1000000000011/000 0.015	817.249	(2,8)
013  10000000(1)0001100 0.086	119.703	(0,0)
014  01111101111001(1)0 -0.328	9.206	(0,0)
015  100(0)111100/010001 2.354	0.180	(5,7)
016  0100010000/101011 -9.349	0.011	(5,7)
017  101/0000110111110 5.273	0.036	(6,4)
018  111/0010001111010 15.700	0.004	(6,4)
019  1110011100100100 16.116	0.004	(0,0)
020  0111110111100100 -0.329	9.138	(0,0)
021  01111111111001/01 -0.016	792.634	(1,7)
022  0000010001100(1)/10 -19.313	0.003	(1,7)
023  0101011100010001 -6.396	0.024	(0,0)
024  1000000000001100 0.008	944.993	(0,0)
025  100000/0000001100 0.008	944.993	(8,8)
026  000000/1100010000 -19.521	0.003	(8,8)
027  10111100100011/00 9.461	0.011	(6,8)
028  11000000000111/00 10.018	0.010	(6,8)
029  100/1110010001111 4.463	0.050	(8,6)
030  000/0000001100000 -19.941	0.003	(8,6)
031  10000000000011/01 0.008	936.421	(8,5)
032  111100100011(1)/100 0.008	944.993	(1,2)
033  10000000000011/00 0.008	944.993	(8,3)
034  00001000010011/11 -18.702	0.003	(8,3)
035  100000000/1100100 0.061	209.963	(8,1)
036  0001(0)0000/1111111 -17.422	0.003	(8,1)
037  01/11111111100100 -0.017	780.193	(1,1)
038  111100100011(1)/100 0.008	944.993	(1,2)
039  000000011011/1100 -19.729	0.003	(4,8)
040  111010000011/0000 16.280	0.004	(4,8)
041  111001110010/0001 16.114	0.004	(3,5)
042  010010000011/0011 -8.719	0.013	(3,5)
043  011111/0000001100 -0.617	2.617	(1,8)
044  111110/0100011000 18.921	0.003	(1,8)
045  0000000110111/110 -19.728	0.003	(4,4)
046  1101110111010/000 14.659	0.005	(4,4)
047  10000000000011/01 0.008	936.421	(8,5)
048  0010110001001(0)/00 -13.081	0.006	(8,5)
049  1011110010001111 9.463	0.011	(0,0)
050  1000000000001100 0.008	944.993	(0,0)
051  1000000000001100 0.008	944.993	(0,0)
052  1000000000001100 0.008	944.993	(0,0)
053  01/000001101111(0)0 -9.729	0.011	(2,4)
054  11/11011110010011 18.684	0.003	(2,4)
055  101111001000/1110 9.462	0.011	(6,4)
056  111100000000/0000 17.501	0.003	(6,4)
057  11100(0)/0111100100 15.296	0.004	(3,2)
058  110010/0100100000 11.426	0.008	(3,2)
059  01111111111001/00 -0.017	780.193	(1,1)
060  00001000111100/11 -18.602	0.003	(1,1)
061  01010/11100100100 -6.384	0.025	(7,3)
062  11100/01000111100 15.350	0.004	(7,3)
063  1011110010001111 9.463	0.011	(0,0)
064  0000000110111110 -19.728	0.003	(0,0)
065  (0)01111001000/0100 -10.544	0.009	(6,3)
066  111111011011/1100 19.647	0.003	(6,3)
067  1110011100/100100 16.116	0.004	(3,3)
068  1001001111/110011 3.117	0.103	(3,3)
069  0111110111100100 -0.329	9.138	(0,0)
070  0000000110111110 -19.728	0.003	(0,0)
071  000000011/0111110 -19.728	0.003	(4,4)
072  110111110/0000001 -0.468	4.548	(4,4)
073  0000000110111110 -19.728	0.003	(0,0)
074  1000000000001100 0.008	944.993	(0,0)
075  1011110010001/100 9.461	0.011	(6,2)
076  1110000000010/(0)11 15.012	0.004	(6,2)
077  10000/11100010001 1.104	0.819	(8,5)
078  00000/00110001110 -19.757	0.003	(8,5)
079  10/10000000001100 5.008	0.040	(6,8)
080  11/11001000111100 17.850	0.003	(6,8)
081  0000000110111110 -19.728	0.003	(0,0)
082  0111111111100100 -0.017	780.193	(0,0)
083  1111001000111100 17.850	0.003	(0,0)
084  0101011100010001 -6.396	0.024	(0,0)
085  11110010001111/10 17.851	0.003	(8,4)
086  00010001111011/11 -17.192	0.003	(8,4)
087  1111001000111100 17.850	0.003	(0,0)
088  0(0)01011100010001 -16.396	0.004	(0,0)
089  0111110111100100 -0.329	9.138	(0,0)
090  0111110111100100 -0.329	9.138	(0,0)
091  111100100/0(0)11100 17.830	0.003	(8,8)
092  011110011/1110010 -0.946	1.117	(8,8)
093  1001/000110111110 2.773	0.130	(5,4)
094  1111/000100010000 17.667	0.003	(5,4)
095  0101(1)1110001/0100 -5.144	0.038	(7,2)
096  000100011110/1111 -17.198	0.003	(7,2)
097  11110010001(0)/1100 17.840	0.003	(8,8)
098  110010100111/1110 11.640	0.007	(8,8)
099  11100/11100010001 16.105	0.004	(3,7)
100  11100/10010000000 15.704	0.004	(3,7)
------------------------------------------------------------

Average fitness: 155.223

Best fitness: 944.993


	Generation 4 completed successfully


------------------------------------------------------------
 #	Chromosome	x	Fitness	Parents
------------------------------------------------------------

001  1000111100/000001 2.345	0.182	(15,6)
002  0100010110/000000 -9.140	0.012	(15,6)
003  10001/00011000000 1.368	0.534	(15,8)
004  11100/0(0)000111110 15.038	0.004	(15,8)
005  100011110/0010001 2.354	0.180	(7,15)
006  001000101/0001111 -14.600	0.005	(7,15)
007  10(1)000000001/0000 5.010	0.040	(12,8)
008  110111100110/(1)000 0.337	8.717	(12,8)
009  0111110/100010001 -0.458	4.743	(14,7)
010  1111001/100111110 18.007	0.003	(14,7)
011  11100/10111100110 15.922	0.004	(2,14)
012  11000/10010(1)10001 10.734	0.009	(2,14)
013  0111110111100100 -0.329	9.138	(0,0)
014  100000001000(0)100 0.081	132.619	(0,0)
015  100011/0000011000 1.890	0.280	(15,12)
016  110001/0001011110 10.683	0.009	(15,12)
017  10000000000/00(0)00 0.000	999.907	(12,1)
018  11000100010/11111 10.683	0.009	(12,1)
019  0111110111/100100 -0.329	9.138	(9,9)
020  10010000(0)0/111110 2.538	0.155	(9,9)
021  1000111(0)000100/00 2.198	0.207	(15,9)
022  01100111000000/11 -3.904	0.066	(15,9)
023  10001(0)110001/0100 1.731	0.334	(15,1)
024  000111011110/1111 -15.323	0.004	(15,1)
025  00000000110000/00 -19.883	0.003	(8,12)
026  00011101111001/00 -15.330	0.004	(8,12)
027  100000/001000(0)100 0.081	132.619	(13,13)
028  001000/1100010001 -14.521	0.005	(13,13)
029  011111/1000100100 -0.290	11.733	(14,2)
030  011110/0110110110 -0.982	1.035	(14,2)
031  1000000010001100 0.086	119.703	(0,0)
032  1000111100010001 2.354	0.180	(0,0)
033  100011110001/0001 2.354	0.180	(15,7)
034  000101110001/0001 -16.396	0.004	(15,7)
035  100001110/0001100 1.101	0.824	(5,13)
036  001000111/0000000 -14.453	0.005	(5,13)
037  11100110/11000000 16.055	0.004	(2,8)
038  00100100/00000000 -14.375	0.005	(2,8)
039  000000/1111100100 -19.392	0.003	(6,1)
040  001100/0001101010 -12.435	0.006	(6,1)
041  0000/111100010001 -17.646	0.003	(6,7)
042  0000/110000011001 -18.110	0.003	(6,7)
043  10/000000(0)1000001 0.040	384.868	(13,6)
044  00/00001000110010 -19.657	0.003	(13,6)
045  1000011100010001 1.104	0.819	(0,0)
046  0000000011000001 -19.882	0.003	(0,0)
047  1000/111100010001 2.354	0.180	(13,15)
048  0000/100011001011 -18.626	0.003	(13,15)
049  01111/00(1)00011000 -1.079	0.858	(14,12)
050  1011(0)/10011010101 8.255	0.015	(14,12)
051  011/0000010001100 -4.914	0.041	(14,13)
052  111/0111100110100 17.376	0.003	(14,13)
053  1000111/010001100 2.273	0.193	(7,13)
054  1000100/010000010 1.330	0.565	(7,13)
055  10000000/00011000 0.015	817.249	(12,12)
056  00011000/00000000 -16.250	0.004	(12,12)
057  000000001100/0110 -19.879	0.003	(8,14)
058  000010010000/1111 -18.585	0.003	(8,14)
059  0111110/111100110 -0.328	9.206	(9,14)
060  1111001/001110110 17.885	0.003	(9,14)
061  10(1)0/011000100100 5.960	0.028	(13,2)
062  0000/100011000011 -18.631	0.003	(13,2)
063  1111111100100/001 19.864	0.003	(10,15)
064  0000000111011/000 -19.712	0.003	(10,15)
065  01111101111001/10 -0.328	9.206	(11,14)
066  00100000110110/11 -14.866	0.005	(11,14)
067  0000/011100100110 -18.883	0.003	(8,4)
068  0000/110000001101 -18.117	0.003	(8,4)
069  10/00000(1)10001100 0.242	16.788	(12,13)
070  1100000000001100 0.008	944.993	(0,0)
071  0111110111100100 -0.329	9.138	(0,0)
072  0111110111100100 -0.329	9.138	(0,0)
073  00/00000010001100 -19.915	0.003	(8,13)
074  00/00001100000011 -19.529	0.003	(8,13)
075  0111110111(0)0/0100 -0.349	8.152	(11,3)
076  010001000010/1111 -9.346	0.011	(11,3)
077  0111110111100100 -0.329	9.138	(0,0)
078  0111110111100110 -0.328	9.206	(0,0)
079  100000/0011000001 0.118	66.895	(13,6)
080  001000/1100000100 -14.529	0.005	(13,6)
081  (1)1111101111001/00 19.671	0.003	(14,3)
082  10000101001000/11 0.803	1.549	(14,3)
083  1100000000001100 0.008	944.993	(0,0)
084  00100000/00000000 -15.000	0.004	(10,13)
085  011111111110/0100 -0.017	780.193	(1,11)
086  010000100110/1111 -9.620	0.011	(1,11)
087  0000/011100010001 -18.896	0.003	(6,5)
088  0000/110000011101 -18.107	0.003	(6,5)
089  0111/011100010001 -1.396	0.513	(14,5)
090  1101/111001101000 14.752	0.005	(14,5)
091  11/00000010001100 10.086	0.010	(2,13)
092  10/01100010010000 3.838	0.068	(2,13)
093  00000000110/10001 -19.872	0.003	(6,5)
094  00001101111/00001 -17.831	0.003	(6,5)
095  1000000000011/100 0.017	767.698	(12,13)
096  000111001001(0)/000 -15.537	0.004	(12,13)
097  01111101111001/01 -0.329	9.172	(14,7)
098  10100000000011/00 5.008	0.040	(14,7)
099  01/111(0)1100100000 -0.761	1.722	(14,10)
100  11/110111100(0)1011 18.679	0.003	(14,10)
------------------------------------------------------------

Average fitness: 62.354

Best fitness: 999.907


	Generation 5 completed successfully


------------------------------------------------------------
 #	Chromosome	x	Fitness	Parents
------------------------------------------------------------

001  10000000100/00000 0.078	139.831	(14,17)
002  00100110001/00000 -14.043	0.005	(14,17)
003  10000000000000/00 0.000	999.907	(17,17)
004  001001(0)1001001/00 -14.197	0.005	(17,17)
005  10010000/00111110 2.538	0.155	(20,20)
006  00111110/00100001 -10.292	0.009	(20,20)
007  110001/0001011111 10.683	0.009	(16,18)
008  000101/1110100000 -16.309	0.004	(16,18)
009  100/0010001011111 0.683	2.137	(20,18)
010  100/0000111110000 0.303	10.772	(20,18)
011  1000000000000000 0.000	999.907	(0,0)
012  011111011(0)100100 -0.368	7.316	(0,0)
013  10001110000100/00 2.198	0.207	(21,17)
014  00111101111001/00 -10.329	0.009	(21,17)
015  1100010001011111 10.683	0.009	(0,0)
016  011111(1)111100100 -0.017	780.193	(0,0)
017  1001000000111110 2.538	0.155	(0,0)
018  1000000000000000 0.000	999.907	(0,0)
019  100000(1)0/11100100 0.452	4.871	(17,19)
020  00000000/11111010 -19.847	0.003	(17,19)
021  0111110/111100100 -0.329	9.138	(19,19)
022  1111001/001110110 17.885	0.003	(19,19)
023  1000000000000000 0.000	999.907	(0,0)
024  1100010001011111 10.683	0.009	(0,0)
025  100100/0111100100 2.796	0.128	(20,19)
026  000011/1110110000 -17.549	0.003	(20,19)
027  110001000/0111110 10.663	0.009	(18,20)
028  101111101/0010000 9.776	0.010	(18,20)
029  000000/0000111110 -19.962	0.003	(15,20)
030  000001/1000000000 -19.062	0.003	(15,20)
031  10010/10001011111 3.183	0.099	(20,18)
032  10111/10010001000 -18.784	0.003	(20,18)
033  10010(1)0000111110 3.163	0.100	(0,0)
034  0111110(0)11100100 -0.486	4.224	(0,0)
035  10000000/111001(1)0 0.141	48.093	(17,19)
036  00000000/11111011 -19.847	0.003	(17,19)
037  10001110/01011111 2.246	0.198	(21,18)
038  10111100/10001000 -17.417	0.003	(21,18)
039  1100010001011111 10.683	0.009	(0,0)
040  1100010001011111 10.683	0.009	(0,0)
041  0111110111100/000 -0.332	9.005	(19,21)
042  1000100000111/000 1.285	0.606	(19,21)
043  0111110111/100100 -0.329	9.138	(19,19)
044  1001000100/111110 2.694	0.138	(19,19)
045  100000/1000010000 0.323	9.519	(17,21)
046  000000/0000110000 -19.971	0.003	(17,21)
047  1100010001/011111 10.683	0.009	(18,18)
048  0111110001/100010 -0.565	3.124	(18,18)
049  11000100010/11111 10.683	0.009	(18,18)
050  11111000001/10001 18.780	0.003	(18,18)
051  1000111000/111110 2.226	0.202	(21,20)
052  0100000001/001000 -9.956	0.010	(21,20)
053  10000000000/00000 0.000	999.907	(17,17)
054  00000111101/00000 -18.809	0.003	(17,17)
055  1100010001011111 10.683	0.009	(0,0)
056  1000111000010000 2.198	0.207	(0,0)
057  110001000101/0000 10.674	0.009	(18,17)
058  111110010011/0000 18.936	0.003	(18,17)
059  01/00000000000000 -10.000	0.010	(19,17)
060  11/11011110010011 18.684	0.003	(19,17)
061  10/00000010000100 0.081	132.619	(17,14)
062  10000000000/00(0)00 0.000	999.907	(12,1)
063  10010000001111/11 2.539	0.155	(20,18)
064  10010001101111/10 2.773	0.130	(20,18)
065  10010000001/00100 2.522	0.157	(20,19)
066  1(0)110011100/11111 8.066	0.015	(20,19)
067  100011100001/0000 2.198	0.207	(21,17)
068  000000(0)11111/0000 -19.697	0.003	(21,17)
069  10/01000000(0)11110 2.519	0.158	(20,20)
070  01/00(1)00011111010 -8.597	0.014	(20,20)
071  1001000/000111110 2.538	0.155	(20,20)
072  0000100/101000001 -15.117	0.004	(20,20)
073  1100/111000010000 12.198	0.007	(18,21)
074  0100/010111111100 -9.065	0.012	(18,21)
075  10001110000100/01 2.198	0.207	(21,9)
076  0000000000(1)100/11 -19.969	0.003	(21,9)
077  1001/000000111110 2.538	0.155	(20,20)
078  0000/001111101110 -19.386	0.003	(20,20)
079  01111/10001011111 -0.567	3.104	(19,18)
080  10111/10010001000 9.458	0.011	(19,18)
081  00000000/01011111 -19.942	0.003	(15,18)
082  00011000/10001000 -16.167	0.004	(15,18)
083  100011100001(1)000 2.202	0.206	(0,0)
084  1100010001011111 10.683	0.009	(0,0)
085  10001110000100/00 2.198	0.207	(21,21)
086  00000001111000/10 -10.329	0.009	(21,21)
087  10010000/11100100 2.640	0.144	(20,19)
088  00111110/11111011 -10.159	0.010	(20,19)
089  100011/0111100100 2.171	0.212	(21,19)
090  100001/0000100100 0.647	2.381	(21,19)
091  1000/000000111110 0.038	407.293	(17,20)
092  10000000000/00(0)00 0.000	999.907	(12,1)
093  1001000000/000000 2.500	0.160	(20,17)
094  1111100101/000000 18.946	0.003	(20,17)
095  1000000000/011111 0.019	730.112	(17,18)
096  0000000111/100010 -19.706	0.003	(17,18)
097  1100010001011110 10.683	0.009	(0,0)
098  1000111000010000 2.198	0.207	(0,0)
099  10010/00000111110 2.538	0.155	(20,20)
100  00000/11111000000 -18.789	0.003	(20,20)
------------------------------------------------------------

Average fitness: 93.173

Best fitness: 999.907


	Generation 6 completed successfully


------------------------------------------------------------
 #	Chromosome	x	Fitness	Parents
------------------------------------------------------------

001  1000000000000000 0.000	999.907	(0,0)
002  0(1)10010100100100 -4.197	0.057	(0,0)
003  0010010100100100 -14.197	0.005	(0,0)
004  10010000(1)0111110 2.616	0.146	(0,0)
005  000101(0)1101000/00 -16.621	0.004	(8,8)
006  00100010100010/00 -14.604	0.005	(8,8)
007  11010000/00100001 12.521	0.006	(6,6)
008  10000000/00100000 -14.746	0.005	(6,6)
009  1001000000111110 2.538	0.155	(0,0)
010  1101000000100001 12.521	0.006	(0,0)
011  0001011110/011111 -16.309	0.004	(8,7)
012  1000000011/100010 0.138	49.721	(8,7)
013  0001011110/10(1)000 -16.304	0.004	(8,8)
014  1000000010/(1)01011 0.105	83.631	(8,8)
015  11000100010/10000 10.674	0.009	(7,10)
016  11111100011/00000 19.434	0.003	(7,10)
017  0010010100/110000 -14.189	0.005	(4,10)
018  1001000001/000000 2.539	0.155	(4,10)
019  100000011/0000000 0.235	17.833	(10,3)
020  111000001/0000000 15.079	0.004	(10,3)
021  0010010100/011111 -14.200	0.005	(4,9)
022  1001001101/000010 3.009	0.110	(4,9)
023  100100/0000000000 2.500	0.160	(5,3)
024  000011/1110001111 -17.569	0.003	(5,3)
025  100000000000/0(1)01 0.003	988.856	(3,6)
026  000011011111/1010 -17.816	0.003	(3,6)
027  10/00010001011111 0.683	2.137	(5,9)
028  01/00000011111001 -9.848	0.010	(5,9)
029  100000000/0100001 0.020	705.177	(3,6)
030  000000011/1010000 -19.717	0.003	(3,6)
031  1000010/001011111 0.683	2.137	(9,7)
032  0010111/110010001 -12.568	0.006	(9,7)
033  000/0000111110000 -19.697	0.003	(8,10)
034  101/1110100000001 9.532	0.011	(8,10)
035  0010010100100100 -14.197	0.005	(0,0)
036  1001000000111110 2.538	0.155	(0,0)
037  100001000/1011111 0.683	2.137	(9,7)
038  101111101/1000100 9.808	0.010	(9,7)
039  1000000111110000 0.303	10.772	(0,0)
040  1000000(0)11110000 0.147	44.350	(0,0)
041  10010000001111/00 2.537	0.155	(5,8)
042  10001100000110/00 1.890	0.280	(5,8)
043  10000100010/00000 0.664	2.260	(9,8)
044  11111010000/00101 19.066	0.003	(9,8)
045  1100010001011/111 10.683	0.009	(7,9)
046  1110000011001/000 15.123	0.004	(7,9)
047  100/100000(1)100001 2.560	0.153	(5,6)
048  100/0000111110011 0.305	10.644	(5,6)
049  1000000000000000 0.000	999.907	(0,0)
050  1100010001011111 10.683	0.009	(0,0)
051  100100000/1110000 2.569	0.152	(5,10)
052  011111011/0000001 -0.390	6.541	(5,10)
053  10010000001/00000 2.520	0.157	(5,8)
054  11110000100/00101 17.582	0.003	(5,8)
055  00100101001001/00 -14.197	0.005	(4,1)
056  00011000000001/00 -16.248	0.004	(4,1)
057  1100010001011111 10.683	0.009	(0,0)
058  1000000000000000 0.000	999.907	(0,0)
059  10000001111100/01 0.304	10.729	(10,6)
060  00110010011101/10 -12.115	0.007	(10,6)
061  1101000/001011111 12.558	0.006	(6,7)
062  0001000/010010011 -17.410	0.003	(6,7)
063  00100101001001/11 -14.195	0.005	(4,7)
064  10000000000000/00 0.000	999.907	(17,17)
065  100100/1110100000 3.067	0.106	(5,8)
066  000(1)11/1110111011 -15.042	0.004	(5,8)
067  00010111/10100000 -16.309	0.004	(8,8)
068  10100000/00101111 5.029	0.040	(8,8)
069  100100/0111110000 2.803	0.127	(5,10)
070  100000/0110000000 -17.559	0.003	(5,10)
071  10000/10001011111 0.683	2.137	(9,7)
072  10001/01(0)11100010 1.701	0.346	(9,7)
073  10/10010100100100 5.804	0.030	(3,4)
074  10000000000000/00 0.000	999.907	(17,17)
075  00/01000000100001 -17.480	0.003	(8,6)
076  01/01111010000011 -5.232	0.037	(8,6)
077  0001011110100(1)00 -16.306	0.004	(0,0)
078  1101000000100001 12.521	0.006	(0,0)
079  1100010001011/000 10.679	0.009	(7,10)
080  1110001100001/000 15.474	0.004	(7,10)
081  00010111101000/10 -16.307	0.004	(8,5)
082  0000010(0)001001/00 -19.353	0.003	(8,5)
083  1000000(1)10000000 0.235	17.833	(0,0)
084  1001000000111110 2.538	0.155	(0,0)
085  0001011110100000 -16.309	0.004	(0,0)
086  1000000111110000 0.303	10.772	(0,0)
087  100/1000000100001 2.520	0.157	(5,6)
088  100/0000111110101 0.306	10.560	(5,6)
089  1100010001011111 10.683	0.009	(0,0)
090  1000000000(1)00000 0.020	717.620	(0,0)
091  000101111010/0000 -16.309	0.004	(8,8)
092  000010001000/0010 -18.671	0.003	(8,8)
093  1(1)00010001011111 10.683	0.009	(0,0)
094  0010010100100100 -14.197	0.005	(0,0)
095  0001011110/011111 -16.309	0.004	(8,9)
096  1000000011/000010 0.119	66.255	(8,9)
097  0010010100100100 -14.197	0.005	(0,0)
098  1000000000000000 0.000	999.907	(0,0)
099  1101000000100001 12.521	0.006	(0,0)
100  00100101(1)0100100 -14.119	0.005	(0,0)
------------------------------------------------------------

Average fitness: 87.647

Best fitness: 999.907


	Generation 7 completed successfully


------------------------------------------------------------
 #	Chromosome	x	Fitness	Parents
------------------------------------------------------------

001  001000/0000100001 -14.980	0.004	(6,7)
002  (0)01000/1000000000 -14.687	0.005	(6,7)
003  11010(1)00001/11110 13.163	0.006	(7,9)
004  00001101001/00100 -17.947	0.003	(7,9)
005  110100/0100100(0)00 12.676	0.006	(7,3)
006  000010/0001100001 -18.691	0.003	(7,3)
007  0110010100100100 -4.197	0.057	(0,0)
008  1101000000100001 12.521	0.006	(0,0)
009  10000000000(1)0000 0.010	907.915	(0,0)
010  0110010100100100 -4.197	0.057	(0,0)
011  1000000000100000 0.020	717.620	(0,0)
012  100000000000(1)000 0.005	973.789	(0,0)
013  100/000(1)000000000 0.313	10.116	(4,1)
014  100/0010111110100 0.930	1.154	(4,1)
015  1000/000000100001 0.020	705.177	(8,7)
016  0000/001000(1)00100 -19.666	0.003	(8,7)
017  1000/000000111110 0.038	407.293	(8,9)
018  0000/001000000000 -19.687	0.003	(8,9)
019  100/0000000000000 0.000	999.907	(4,1)
020  100/0010111110010 0.929	1.157	(4,1)
021  011001/0010111110 -4.259	0.055	(2,4)
022  010010/0100010110 -8.580	0.014	(2,4)
023  1001000010111110 2.616	0.146	(0,0)
024  0010010100100100 -14.197	0.005	(0,0)
025  00100010100010/10 -14.603	0.005	(6,4)
026  00(1)01111101101/00 -12.546	0.006	(6,4)
027  0010(1)1010010/0000 -12.949	0.006	(3,1)
028  010011101001/0000 -7.724	0.017	(3,1)
029  10010101101/11110 3.398	0.087	(5,4)
030  00000110001/00100 -19.041	0.003	(5,4)
031  1000000000100000 0.020	717.620	(0,0)
032  0100000101000101 2.616	0.146	(0,0)
033  0010001010001000 -14.604	0.005	(0,0)
034  0010001010(1)01000 -14.585	0.005	(0,0)
035  10/010(0)0110100000 2.754	0.132	(1,5)
036  00/000(1)0000000011 -19.373	0.003	(1,5)
037  100100001/0100100 2.600	0.148	(4,3)
038  010000010/1000101 -0.602	2.751	(4,3)
039  011001010010/1110 -4.190	0.057	(2,9)
040  010001000101/0010 -9.325	0.012	(2,9)
041  11010000001000/00 12.520	0.006	(7,3)
042  01010000001110/01 -7.465	0.018	(7,3)
043  10010101101/00001 3.380	0.088	(5,7)
044  00000001001/10100 -19.812	0.003	(5,7)
045  001001/1010001000 -13.979	0.005	(3,6)
046  010010/0100010000 -8.584	0.014	(3,6)
047  1101000000100/110 12.524	0.006	(7,4)
048  0011110001101/001 -10.561	0.009	(7,4)
049  1001/000000000000 2.500	0.160	(4,1)
050  0000/101111100001 -18.144	0.003	(4,1)
051  0010001010001000 -14.604	0.005	(0,0)
052  0010001010001000 -14.604	0.005	(0,0)
053  11010000/00111110 12.538	0.006	(7,9)
054  00100001/00100000 -14.824	0.005	(7,9)
055  100100000/0100101 2.523	0.157	(9,8)
056  011111000/1111100 -0.549	3.307	(9,8)
057  1001010110100/100 3.382	0.087	(5,2)
058  0001100100110/110 -16.061	0.004	(5,2)
059  0111110000100/101 -0.602	2.751	(8,8)
060  1011000110010/111 7.749	0.017	(8,8)
061  11010/00000111110 12.538	0.006	(7,9)
062  00000/0001001(0)000 -19.341	0.003	(7,9)
063  1001010110100000 3.379	0.088	(0,0)
064  1000000000000000 0.000	999.907	(0,0)
065  0010001010/100101 -14.587	0.005	(6,8)
066  0010001110/111110 -14.415	0.005	(6,8)
067  100/0000000000000 0.000	999.907	(1,1)
068  1000000000000000 0.000	999.907	(0,0)
069  10000000/00100001 0.020	705.177	(1,7)
070  00000000/10100000 -19.902	0.003	(1,7)
071  1000/010100100100 0.804	1.546	(1,3)
072  1000000000000000 0.000	999.907	(0,0)
073  0010010/010111110 -14.259	0.005	(3,4)
074  1001001/001000100 2.854	0.123	(3,4)
075  10010/10000100101 3.148	0.101	(9,8)
076  00(1)00/11111010011 -13.777	0.005	(9,8)
077  0010001(1)100/00100 -14.451	0.005	(6,2)
078  01000011110/11001 -9.399	0.011	(6,2)
079  0111(0)0/1010001000 -2.104	0.226	(8,6)
080  010000/0101000101 -9.801	0.010	(8,6)
081  0010001010001/000 -14.604	0.005	(6,5)
082  0001111010001/001 -15.229	0.004	(6,5)
083  0010001010001000 -14.604	0.005	(0,0)
084  0010010100100100 -14.197	0.005	(0,0)
085  11010/00000000000 12.500	0.006	(7,1)
086  10111/11010000010 -19.354	0.003	(7,1)
087  0100000101000101 -9.801	0.010	(0,0)
088  1001000010111110 2.616	0.146	(0,0)
089  10010000101111/10 2.616	0.146	(4,4)
090  10000100001001/00 0.647	2.381	(4,4)
091  100000000/0111110 0.038	407.293	(1,9)
092  000000001/0010000 -19.912	0.003	(1,9)
093  100/1000010111110 2.616	0.146	(5,4)
094  101/0110(0)00000000 6.875	0.021	(5,4)
095  10010000/0100(1)101 2.547	0.154	(9,8)
096  (1)0111110/10000010 9.767	0.010	(9,8)
097  00100101001/00000 -14.199	0.005	(3,1)
098  00100110001/00000 -14.043	0.005	(3,1)
099  1000000000/100100 0.022	668.308	(1,3)
100  0000001110/010010 -19.442	0.003	(1,3)
------------------------------------------------------------

Average fitness: 112.378

Best fitness: 999.907


	Generation 8 completed successfully


------------------------------------------------------------
 #	Chromosome	x	Fitness	Parents
------------------------------------------------------------

001  1000000000010000 0.010	907.915	(0,0)
002  1000010111110100 0.930	1.154	(0,0)
003  10/00010111110100 0.930	1.154	(12,14)
004  11/100000001000(0)0 -19.980	0.003	(12,14)
005  1000001000000/000 0.313	10.116	(13,13)
006  0000001010001/000 -19.604	0.003	(13,13)
007  10000101/00000000 0.782	1.634	(14,13)
008  10000010/00000000 18.129	0.003	(14,13)
009  100000000(1)001/000 0.044	338.047	(12,12)
010  0001000000101/000 -17.476	0.003	(12,12)
011  10000000001(1)/0000 0.030	532.961	(11,13)
012  000000001111/0000 -19.854	0.003	(11,13)
013  1000001000/110100 0.345	8.353	(13,14)
014  0000000011/000010 -19.882	0.003	(13,14)
015  0000000000001/000 -19.995	0.003	(12,11)
016  000111000(0)101/000 -15.601	0.004	(12,11)
017  000000/0000001000 -19.995	0.003	(12,12)
018  000000/1000000000 -19.687	0.003	(12,12)
019  10000/10111110100 0.930	1.154	(13,14)
020  01000/00000000000 -10.000	0.010	(13,14)
021  1000010111110/000 0.928	1.160	(14,13)
022  1001001101001/000 3.013	0.110	(14,13)
023  100/0000000000000 0.000	999.907	(4,1)
024  00001(0)0100100100 -18.572	0.003	(0,0)
025  000000000001/0000 0.010	907.915	(9,11)
026  000011011111/0000 -17.822	0.003	(9,11)
027  0000110100100100 -17.947	0.003	(0,0)
028  1000001000000000 0.313	10.116	(0,0)
029  000000/0100100100 -19.822	0.003	(12,10)
030  000000/1000110000 -19.658	0.003	(12,10)
031  10/0000000(1)100000 0.059	223.754	(11,11)
032  00/00000010000001 -19.921	0.003	(11,11)
033  100000100/1110100 0.384	6.750	(13,14)
034  000000011/00001(1)1 -19.761	0.003	(13,14)
035  10000010/00001000 0.318	9.811	(13,12)
036  00000000/0(1)000000 -19.961	0.003	(13,12)
037  00/00010111110100 -19.070	0.003	(12,14)
038  00/00000000100000 -19.980	0.003	(12,14)
039  (0)0000/10111110100 -19.070	0.003	(13,14)
040  01000/00000010000 -9.990	0.010	(13,14)
041  0000110/000100000 -18.105	0.003	(10,11)
042  1001001/00(1)000000 2.852	0.123	(10,11)
043  000000/1000000000 -19.687	0.003	(12,13)
044  000000/10(1)0000101 -19.606	0.003	(12,13)
045  1000010/111110100 0.930	1.154	(14,14)
046  1111101/000010000 19.073	0.003	(14,14)
047  1000001000000000 0.313	10.116	(0,0)
048  1000000000100000 0.020	717.620	(0,0)
049  100000100000/0000 0.313	10.116	(13,13)
050  000001000101/0000 -19.326	0.003	(13,13)
051  1000010111110100 0.930	1.154	(0,0)
052  1000010111110100 0.930	1.154	(0,0)
053  1000010111110100 0.930	1.154	(0,0)
054  1000010111110100 0.930	1.154	(0,0)
055  0000000000001000 -19.995	0.003	(0,0)
056  1000010111110100 0.930	1.154	(0,0)
057  10000010000000/00 0.313	10.116	(13,12)
058  100/0000000000000 0.000	999.907	(4,1)
059  10/00010111110100 0.930	1.154	(11,14)
060  00/(1)0000010000010 -14.921	0.004	(11,14)
061  0000000000001000 -19.995	0.003	(0,0)
062  1000010111110100 0.930	1.154	(0,0)
063  100001011111/0100 0.930	1.154	(14,14)
064  00100(0)000100/0000 -9.971	0.010	(14,14)
065  100000100/0001000 0.318	9.811	(13,12)
066  0000(1)0010/0000000 -18.594	0.003	(13,12)
067  1000010(0)111/00000 0.762	1.719	(14,11)
068  10100000001/00000 5.020	0.040	(14,11)
069  1000001000000/000 0.313	10.116	(13,13)
070  1000010111001/000 -19.194	0.003	(13,13)
071  10000/01000000000 0.313	10.116	(13,13)
072  01000/00000000010 -9.999	0.010	(13,13)
073  0000000000/100000 -19.980	0.003	(12,11)
074  0010000001/000000 -14.961	0.004	(12,11)
075  0000110100100100 -17.947	0.003	(0,0)
076  100(1)010111110100 3.431	0.085	(0,0)
077  000/0000000001000 -19.995	0.003	(12,12)
078  000/00000010(1)0001 -19.951	0.003	(12,12)
079  00001101001001/00 -17.947	0.003	(10,13)
080  00100011000011/00 -14.524	0.005	(10,13)
081  1000001000000000 0.313	10.116	(0,0)
082  1000000000010000 0.010	907.915	(0,0)
083  1000010111/001000 0.904	1.223	(14,12)
084  1101000000/000000 12.500	0.006	(14,12)
085  1000000000010/100 0.013	864.633	(9,10)
086  0000000111110/000 -19.697	0.003	(9,10)
087  0000110100100100 -17.947	0.003	(0,0)
088  1000000000010000 0.010	907.915	(0,0)
089  0000000000001000 -19.995	0.003	(0,0)
090  1000001000000000 0.313	10.116	(0,0)
091  100000000(1)010/000 0.049	292.898	(9,12)
092  0000100010000/000 -18.672	0.003	(9,12)
093  1000000/100100100 0.179	30.420	(9,10)
094  0000100/000110100 -18.718	0.003	(9,10)
095  000000000/0001000 -19.995	0.003	(12,12)
096  000100000/0000000 -17.500	0.003	(12,12)
097  1(1)0000/0000100000 10.020	0.010	(11,11)
098  000010/0000000000 -18.750	0.003	(11,11)
099  100/0001000000000 0.313	10.116	(13,13)
100  000/1000000000100 -17.498	0.003	(13,13)
------------------------------------------------------------

Average fitness: 87.878

Best fitness: 999.907


	Generation 9 completed successfully


------------------------------------------------------------
 #	Chromosome	x	Fitness	Parents
------------------------------------------------------------

001  000(1)00101000/0000 -17.109	0.003	(6,5)
002  100000100001/0000 0.323	9.519	(6,5)
003  0000/000000010000 -19.990	0.003	(3,1)
004  0101/111101000100 -5.115	0.038	(3,1)
005  10000/00001001000 0.044	338.047	(5,9)
006  01000/00000000001 -9.999	0.010	(5,9)
007  0000001010001000 -19.604	0.003	(0,0)
008  1000001000000000 0.313	10.116	(0,0)
009  10000010000000/00 0.313	10.116	(5,4)
010  00001101001001/11 -17.945	0.003	(5,4)
011  0000001010001000 -19.604	0.003	(0,0)
012  1000000000010000 0.010	907.915	(0,0)
013  1000/010111110100 0.930	1.154	(9,3)
014  0000/010010000100 -19.294	0.003	(9,3)
015  1110000000100/000 15.020	0.004	(4,7)
016  0000001000101/000 -19.663	0.003	(4,7)
017  00100101111/01000 0.923	1.172	(2,9)
018  10100010001/00000 5.332	0.035	(2,9)
019  1000001000000000 0.313	10.116	(0,0)
020  1000001000000000 0.313	10.116	(0,0)
021  1000000/111110100 0.305	10.602	(9,2)
022  00100(0)0/000010110 -14.986	0.004	(9,2)
023  10000000000/10100 0.013	864.633	(1,2)
024  10000101111/00001 0.919	1.183	(1,2)
025  100001/0100000000 0.782	1.634	(7,7)
026  0100(1)0/0000110100 -8.718	0.013	(7,7)
027  1000001000000000 0.313	10.116	(0,0)
028  1000000000010000 0.010	907.915	(0,0)
029  0000/000001001000 -19.956	0.003	(3,9)
030  0101/111101000100 -5.115	0.038	(3,9)
031  1000000/(1)01001000 0.201	24.271	(1,9)
032  1111101/000010000 -18.750	0.003	(1,9)
033  100001011111/0000 0.928	1.160	(2,7)
034  010000101011/0000 -9.580	0.011	(2,7)
035  1000001000000000 0.313	10.116	(0,0)
036  1000010100000000 0.782	1.634	(0,0)
037  10/00000000010000 0.010	907.915	(1,1)
038  100/0001000000000 0.000	999.907	(4,1)
039  0000001010/110100 -19.578	0.003	(6,2)
040  001000000(0)/000010 -14.999	0.004	(6,2)
041  1110000000100000 15.020	0.004	(0,0)
042  1000000001001000 0.044	338.047	(0,0)
043  10/00001010001000 0.396	6.342	(5,6)
044  00/00100000000000 -18.750	0.003	(5,6)
045  10(1)00000000/10100 5.013	0.040	(1,3)
046  10(1)00001000/00001 5.157	0.038	(1,3)
047  100/0010111110100 0.930	1.154	(2,2)
048  001/0111110100001 -12.558	0.006	(2,2)
049  0(1)0001011/0101000 -9.116	0.012	(3,10)
050  111010010/0010000 16.417	0.004	(3,10)
051  1000000001001/000 0.044	338.047	(9,1)
052  0000001010001/000 -19.604	0.003	(9,1)
053  1000000001001/000 0.044	338.047	(9,5)
054  0000000100101/000 -19.819	0.003	(9,5)
055  0000010/000100000 -19.355	0.003	(3,4)
056  1111101/000000100 19.066	0.003	(3,4)
057  0000001010/00(1)000 -19.604	0.003	(6,5)
058  0010000101/000001 -14.804	0.005	(6,5)
059  100/0010111110100 0.930	1.154	(1,3)
060  000/0000010000111 -19.918	0.003	(1,3)
061  1000000000010/000 0.010	907.915	(1,4)
062  100/0001000000000 0.000	999.907	(4,1)
063  10000000010/10100 0.052	273.222	(9,3)
064  01000000000/000(1)1 -9.998	0.010	(9,3)
065  10000101/01000000 0.821	1.483	(2,8)
066  11110100/00000000 18.126	0.003	(2,8)
067  101/0010100000000 5.782	0.030	(1,7)
068  000/0000100000000 -19.922	0.003	(1,7)
069  000001/01(1)0000000 -19.141	0.003	(3,7)
070  011111/0100100000 -0.449	4.938	(3,7)
071  (0)11/0010100000000 -4.219	0.056	(4,7)
072  000/0000100000000 -19.844	0.003	(4,7)
073  100001010000/0000 0.782	1.634	(7,8)
074  000000100100/0000 -19.648	0.003	(7,8)
075  1000010100000000 0.782	1.634	(0,0)
076  100001011111(1)100 0.935	1.142	(0,0)
077  1000000001001000 0.044	338.047	(0,0)
078  1000010100000000 0.782	1.634	(0,0)
079  1000010/1111101(1)0 0.932	1.151	(2,2)
080  1111101/000010000 19.073	0.003	(2,2)
081  1000001000000000 0.313	10.116	(0,0)
082  1000010100000000 0.782	1.634	(0,0)
083  00(1)000010000/0000 -14.844	0.005	(1,1)
084  000001010010/0000 -19.199	0.003	(1,1)
085  10000/010000(0)0000 0.313	10.116	(5,8)
086  (1)0000/00001001000 10.002	0.010	(5,8)
087  10000010(1)000/0000 0.391	6.501	(5,1)
088  000000001010/0000 -19.902	0.003	(5,1)
089  000000/0100000000 -19.844	0.003	(6,7)
090  101000/1000100100 5.335	0.035	(6,7)
091  1110000/001001000 15.044	0.004	(4,9)
092  0001000/000000110 -17.496	0.003	(4,9)
093  000001011111/0000 -19.072	0.003	(3,1)
094  010011000000/0000 -8.125	0.015	(3,1)
095  1000001000000000 0.313	10.116	(0,0)
096  1000000001001000 0.044	338.047	(0,0)
097  0000000100000000 -19.844	0.003	(0,0)
098  1000010100000000 0.782	1.634	(0,0)
099  10000101111/00000 0.918	1.184	(2,1)
100  10100011100/00000 5.547	0.032	(2,1)
------------------------------------------------------------

Average fitness: 89.748

Best fitness: 999.907


	Generation 10 completed successfully


------------------------------------------------------------
 #	Chromosome	x	Fitness	Parents
------------------------------------------------------------

001  0100000/000101000 -9.975	0.010	(6,16)
002  0000000/01000(0)100 -19.919	0.003	(6,16)
003  00000100100/01(1)00 -19.290	0.003	(14,7)
004  00100000000/00000 -15.000	0.004	(14,7)
005  01/00000000010000 -9.990	0.010	(6,12)
006  0(1)/00000000000100 -9.997	0.010	(6,12)
007  000011010(1)1/01000 -17.905	0.003	(10,5)
008  00001000000/00000 -10.918	0.008	(10,5)
009  1110000000100/000 15.020	0.004	(15,12)
010  0001000000101/000 -17.476	0.003	(15,12)
011  1000/001000000000 0.313	10.116	(12,8)
012  0000/000100000000 -19.844	0.003	(12,8)
013  1000/010111110100 0.930	1.154	(12,13)
014  0000/000100000010 -19.843	0.003	(12,13)
015  10/00001000101000 0.337	8.717	(13,16)
016  00/01011111010000 -16.279	0.004	(13,16)
017  100000000001(1)0/00 0.015	817.249	(12,16)
018  00000010000000/00 -19.687	0.003	(12,16)
019  0000001000101/000 -19.663	0.003	(16,9)
020  100/0010010000100 0.000	999.907	(4,1)
021  0001010/010000100 -16.794	0.004	(10,14)
022  1001001/110010000 3.057	0.107	(10,14)
023  10000100100001/00 15.020	0.004	(15,5)
024  00001001001001/00 -18.572	0.003	(15,5)
025  01000101/00100000 0.801	1.556	(13,15)
026  11110100/11000000 18.243	0.003	(13,15)
027  111000000010/0100 15.023	0.004	(15,14)
028  000000100000/0000 -19.687	0.003	(15,14)
029  100000100000/0000 0.313	10.116	(9,15)
030  000000100011/1100 -19.651	0.003	(9,15)
031  100/0000000100000 0.020	717.620	(12,15)
032  000/0000010000001 -19.921	0.003	(12,15)
033  0000001010001000 -19.604	0.003	(0,0)
034  0100000000(1)00001 -9.980	0.010	(0,0)
035  0(1)010101/11110100 -6.570	0.023	(10,13)
036  00100111/00001010 -13.900	0.005	(10,13)
037  1110000000/100000 15.020	0.004	(15,15)
038  1000000001/110000 0.069	174.979	(15,15)
039  1110000000/001000 15.005	0.004	(15,11)
040  1(1)00000000/000001 10.001	0.010	(15,11)
041  11/00010111110100 10.931	0.008	(15,13)
042  10/00000010000000 0.078	139.831	(15,13)
043  000/1010100100111 -16.695	0.004	(7,10)
044  000/1010001000101 -16.833	0.004	(7,10)
045  0000010010/010000 -19.287	0.003	(14,12)
046  0001001001/000000 -17.148	0.003	(14,12)
047  1000/010100100111 0.805	1.539	(13,10)
048  0101/111101000000 -5.117	0.038	(13,10)
049  10000000010/01000 0.044	338.047	(5,5)
050  01000100011/00000 -9.316	0.012	(5,5)
051  11/00010010000100 10.706	0.009	(15,14)
052  10/00000010000000 0.078	139.831	(15,14)
053  100/0000000100000 0.020	717.620	(12,15)
054  000/0000010000100 -19.919	0.003	(12,15)
055  1000001000000000 0.313	10.116	(0,0)
056  0000010010000100 -19.294	0.003	(0,0)
057  1000000000010000 0.010	907.915	(0,0)
058  (1)000010010000100 0.706	2.003	(0,0)
059  00000/01000101000 -19.663	0.003	(11,16)
060  01010/00100000010 -7.342	0.019	(11,16)
061  000101010010/0000 -16.699	0.004	(10,15)
062  011101011111/1100 -1.565	0.408	(10,15)
063  1000010111110100 0.930	1.154	(0,0)
064  0000001000000000 0.313	10.116	(0,0)
065  0100/001010001000 -9.604	0.011	(6,11)
066  0000/00000001(1)000 -19.985	0.003	(6,11)
067  10000010000000/00 0.313	10.116	(8,13)
068  00100000001001/00 -14.978	0.004	(8,13)
069  00000010001010/00 -19.663	0.003	(16,11)
070  10000000000000/00 -14.082	0.005	(16,11)
071  11100/00000100000 15.020	0.004	(15,15)
072  00000/10000001000 -19.370	0.003	(15,15)
073  11100000001/01000 15.025	0.004	(15,7)
074  00000010000/00000 -19.687	0.003	(15,7)
075  11100000001000/00 15.020	0.004	(15,14)
076  00010101111100/00 -16.572	0.004	(15,14)
077  1110/010010000100 15.706	0.004	(15,14)
078  0000/001000(1)00001 -19.667	0.003	(15,14)
079  000001001/0010000 -19.287	0.003	(14,12)
080  000010011/0000000 -18.516	0.003	(14,12)
081  100000000/0000100 0.003	992.513	(12,14)
082  001000000/0000100 -14.997	0.004	(12,14)
083  10000000000(0)0000 0.000	999.907	(0,0)
084  10000000000(0)0000 0.000	999.907	(0,0)
085  10000101111101/00 0.930	1.154	(13,14)
086  00000001111100/00 -19.697	0.003	(13,14)
087  0000/010111110100 -19.070	0.003	(14,13)
088  0100/100001000000 -8.711	0.013	(14,13)
089  11(0)000/1010001000 10.396	0.009	(15,7)
090  000010/0000000000 -18.750	0.003	(15,7)
091  11100000001000/00 15.020	0.004	(15,12)
092  00001000100001/00 -18.669	0.003	(15,12)
093  100/0010010000100 0.706	2.003	(12,14)
094  000/0000010000100 -19.919	0.003	(12,14)
095  10000101/11110100 0.930	1.154	(13,13)
096  11110100/00001010 18.132	0.003	(13,13)
097  00000/00(1)00010000 -19.834	0.003	(7,12)
098  01(1)10/00100000000 -2.343	0.182	(7,12)
099  100/0010010000100 0.000	999.907	(4,1)
100  000/1000101000100 -17.302	0.003	(16,12)
------------------------------------------------------------

Average fitness: 90.173

Best fitness: 999.907


	Generation 11 completed successfully


------------------------------------------------------------
 #	Chromosome	x	Fitness	Parents
------------------------------------------------------------

001  0000001000/000100 -19.685	0.003	(18,23)
002  0000001001/000010 -19.647	0.003	(18,23)
003  00000010/10000100 -19.607	0.003	(19,20)
004  00101000/00001000 -13.745	0.005	(19,20)
005  00010100100001/00 -16.794	0.004	(21,20)
006  000/0001000101000 0.000	999.907	(4,1)
007  0000001000/010000 -19.678	0.003	(18,22)
008  0000001001/001001 -19.643	0.003	(18,22)
009  000101001000/0100 -16.794	0.004	(21,20)
010  010001010011/0000 -9.189	0.012	(21,20)
011  0000001000101000 -19.663	0.003	(0,0)
012  100(1)010010000100 3.206	0.097	(0,0)
013  000101/0010000100 -16.794	0.004	(21,20)
014  001000/0100100100 -14.822	0.005	(21,20)
015  00010100100/00100 -16.794	0.004	(21,20)
016  00100010001/00001 -14.667	0.005	(21,20)
017  110010000010/0100 -19.666	0.003	(19,21)
018  100001000010/0010 0.646	2.390	(19,21)
019  0000001000/101000 -16.787	0.004	(21,22)
020  000100100(0)/001001 -17.182	0.003	(21,22)
021  00010100/10000100 -16.794	0.004	(23,21)
022  10010000/00101000 2.525	0.157	(23,21)
023  00(1)0000/000000000 -15.000	0.004	(17,18)
024  00001(0)0/000001000 -18.745	0.003	(17,18)
025  00/01001110010000 -16.943	0.003	(20,22)
026  01/01001001000000 -7.148	0.020	(20,22)
027  000/1001110010000 -16.943	0.003	(21,22)
028  101/0010000100000 5.645	0.031	(21,22)
029  1001001110010000 3.057	0.107	(0,0)
030  000/0001000101000 0.000	999.907	(4,1)
031  0001010/010000100 -16.794	0.004	(23,21)
032  111001(0)/000010000 -8.388	0.014	(23,21)
033  0001010010010000 -16.787	0.004	(0,0)
034  0001010010000100 -16.794	0.004	(0,0)
035  100100111/0010000 3.057	0.107	(22,22)
036  001000011/0010011 -14.754	0.005	(22,22)
037  0001010010000100 -16.794	0.004	(0,0)
038  0000001000101000 -16.787	0.004	(0,0)
039  0001010010010000 -16.787	0.004	(0,0)
040  1001001110010000 3.057	0.107	(0,0)
041  10010011100/10000 3.057	0.107	(22,22)
042  10000000011/00100 0.061	209.963	(22,22)
043  000000100/0(1)10000 -19.658	0.003	(18,22)
044  000000001/0010011 -19.910	0.003	(18,22)
045  0001010/010000100 -16.794	0.004	(21,21)
046  0100001/001010001 -9.638	0.011	(21,21)
047  00/01010010010000 -16.787	0.004	(17,23)
048  00/00000001100001 -19.941	0.003	(17,23)
049  000101/1110010000 -16.318	0.004	(21,22)
050  001000/0100010000 -14.834	0.005	(21,22)
051  0000001000000/000 -19.687	0.003	(18,20)
052  (1)000001010000/001 0.392	6.481	(18,20)
053  000101001000/0000 -16.797	0.004	(21,18)
054  010000(1)10010/0000 -9.512	0.011	(21,18)
055  0001(1)10010010000 -15.537	0.004	(0,0)
056  0001010010010000 -16.787	0.004	(0,0)
057  0000001000000000 -19.687	0.003	(0,0)
058  1001001110010000 3.057	0.107	(0,0)
059  000101001001/0100 -16.785	0.004	(20,21)
060  000000001000/00(0)0 -19.922	0.003	(20,21)
061  1001001110010000 3.057	0.107	(0,0)
062  0000001000101000 -19.663	0.003	(0,0)
063  0000(1)010/00101000 -18.413	0.003	(23,19)
064  00101000/00000101 -13.747	0.005	(23,19)
065  000000/1110010000 -19.443	0.003	(20,22)
066  100010/1000000000 1.563	0.409	(20,22)
067  00000/01000101000 -19.663	0.003	(19,23)
068  01000/01001010000 -9.214	0.012	(19,23)
069  100100111/0000100 3.050	0.108	(22,21)
070  001000010/0010100 -14.831	0.005	(22,21)
071  0001010/010000100 -16.794	0.004	(21,21)
072  0100001/001010000 -9.639	0.011	(21,21)
073  0000001000101/100 -19.661	0.003	(20,21)
074  0000001001000/001 -19.648	0.003	(20,21)
075  00000010/00011000 -19.673	0.003	(20,17)
076  00101000/00000000 -13.750	0.005	(20,17)
077  10010011100100/00 3.057	0.107	(22,22)
078  000001010000(1)1/00 -19.211	0.003	(22,22)
079  100100/1110010000 3.057	0.107	(22,22)
080  111001/0000010000 15.635	0.004	(22,22)
081  10010/01000101000 2.837	0.124	(22,20)
082  01110/0100(1)000000 -2.148	0.217	(22,20)
083  (1)000001000101/000 0.337	8.717	(19,20)
084  0000010100100/000 -19.199	0.003	(19,20)
085  0001010010000/100 -16.794	0.004	(21,21)
086  00(1)0000000000/001 5.626	0.032	(21,21)
087  0000/000000011000 -19.985	0.003	(20,17)
088  0010/0(1)1010000000 -13.984	0.005	(20,17)
089  0000001000000000 -19.687	0.003	(0,0)
090  10010011100100(1)0 3.058	0.107	(0,0)
091  00000010001010/00 -19.663	0.003	(20,22)
092  00000000000111/00 -19.983	0.003	(20,22)
093  0000001/110010000 -19.443	0.003	(20,22)
094  0001010/0010010(1)0 -16.830	0.004	(20,22)
095  0000/000000011100 -19.983	0.003	(18,17)
096  0010/000000000001 -14.999	0.004	(18,17)
097  0000001000(0)01000 -19.683	0.003	(0,0)
098  0001010010000100 -16.794	0.004	(0,0)
099  000/0001000101000 -19.663	0.003	(18,20)
100  000/100(1)000000000 -17.187	0.003	(18,20)
------------------------------------------------------------

Average fitness: 22.298

Best fitness: 999.907


	Generation 12 completed successfully


------------------------------------------------------------
 #	Chromosome	x	Fitness	Parents
------------------------------------------------------------

001  000/0001000101000 -19.663	0.003	(6,6)
002  000/1000101000100 -17.302	0.003	(6,6)
003  0000001001/101000 -19.624	0.003	(8,6)
004  0000100000/000001 -14.374	0.005	(8,6)
005  00000010000100/00 -19.678	0.003	(7,6)
006  000(1)0000000000/00 -17.500	0.003	(7,6)
007  0000001000101/000 -19.663	0.003	(6,6)
008  0000010000010/000 -19.365	0.003	(6,6)
009  000000100010/1000 -19.663	0.003	(6,6)
010  100000000010/0000 0.020	717.620	(6,6)
011  0(1)0/0001000010000 -9.678	0.011	(8,7)
012  0(1)0/1001001001000 -7.143	0.020	(8,7)
013  000000100/0010000 -19.678	0.003	(6,7)
014  010100010/0000010 -7.342	0.019	(6,7)
015  000000/1000010000 -19.678	0.003	(6,7)
016  100010/1000010000 1.573	0.404	(6,7)
017  0000001000/101000 -19.663	0.003	(6,6)
018  1010001000/000001 5.313	0.035	(6,6)
019  000000/1001001001 -19.643	0.003	(8,8)
020  000000/1000001000 2.857	0.123	(8,8)
021  0000001000010000 -19.678	0.003	(0,0)
022  1001001001001000 2.857	0.123	(0,0)
023  0000001000/001000 -19.683	0.003	(7,6)
024  0100000100/000001 -9.843	0.010	(7,6)
025  000100100000/1000 -19.683	0.003	(6,6)
026  100001001100/0000 0.743	1.811	(6,6)
027  0000001000/001000 -19.683	0.003	(7,6)
028  0100001000/000001 -9.687	0.011	(7,6)
029  00/00001000010000 -19.678	0.003	(6,7)
030  00/001000001000(1)0 -18.729	0.003	(6,7)
031  00000010000010/00 -19.683	0.003	(6,6)
032  00000000100000/00 -19.922	0.003	(6,6)
033  00000010/01001001 -19.643	0.003	(7,8)
034  00010000/00000101 -17.497	0.003	(7,8)
035  000000100/0010000 -19.678	0.003	(7,7)
036  001000010/0000010 -14.842	0.005	(7,7)
037  00000010000/10000 -19.678	0.003	(6,7)
038  01000000010/00000 -9.961	0.010	(6,7)
039  000000100001/1000 -19.673	0.003	(7,6)
040  000/0001000001000 0.000	999.907	(4,1)
041  0000001000010000 -19.678	0.003	(0,0)
042  0000001000010000 -19.678	0.003	(0,0)
043  00000010000/10000 -19.678	0.003	(7,7)
044  10000100010/00000 0.664	2.260	(7,7)
045  0000001000001000 -19.683	0.003	(0,0)
046  0000001000001000 -19.683	0.003	(0,0)
047  0000001000/001000 -19.683	0.003	(7,6)
048  0100001100/000001 -9.530	0.011	(7,6)
049  0000/001000001000 -19.683	0.003	(6,6)
050  0010/000010000000 -14.922	0.004	(6,6)
051  000000100100/1000 -19.644	0.003	(8,6)
052  100100001000/0000 2.578	0.150	(8,6)
053  0000/001000010000 -19.678	0.003	(7,7)
054  0010/000100000100 -14.841	0.005	(7,7)
055  0000/001000010000 -19.678	0.003	(8,7)
056  0010/010010010100 -14.285	0.005	(8,7)
057  0000001000010000 -19.678	0.003	(0,0)
058  0000001000001000 -19.683	0.003	(0,0)
059  00000(1)100/1001001 -19.018	0.003	(7,8)
060  001000010/0000010 -14.842	0.005	(7,8)
061  0000001000010000 -19.678	0.003	(0,0)
062  000000100000(0)000 -19.687	0.003	(0,0)
063  00/000010010010(1)1 -19.642	0.003	(7,8)
064  00/00100001000000 -18.711	0.003	(7,8)
065  00000/01000010000 -19.678	0.003	(6,7)
066  01000/00100011000 -9.829	0.010	(6,7)
067  0000001000010000 -19.678	0.003	(0,0)
068  0000001000010000 -19.678	0.003	(0,0)
069  0000001000001/000 -19.683	0.003	(6,7)
070  0000001001001/001 -18.750	0.003	(6,7)
071  0000001000/001000 -19.683	0.003	(7,6)
072  0100000000/000001 -9.999	0.010	(7,6)
073  00000010000010/00 -19.683	0.003	(6,7)
074  00001000010000/00 -18.711	0.003	(6,7)
075  000000100/0010000 -19.678	0.003	(8,7)
076  100100110/0000010 2.970	0.113	(8,7)
077  000000/1000010000 -19.678	0.003	(7,7)
078  100001/0000000001 0.626	2.546	(7,7)
079  0000001000010000 -19.678	0.003	(0,0)
080  0000001000010000 -19.678	0.003	(0,0)
081  0000010000001/000 -19.683	0.003	(6,6)
082  000/0001000001000 0.000	999.907	(4,1)
083  00000/01001001001 -19.643	0.003	(7,8)
084  01000/01000000000 -9.687	0.011	(7,8)
085  00000010/00010000 -19.678	0.003	(8,7)
086  01001001/00000100 -8.591	0.014	(8,7)
087  0000001000001000 -19.683	0.003	(0,0)
088  0000001000001000 -19.683	0.003	(0,0)
089  00000010000010/(1)0 -19.681	0.003	(6,6)
090  00000100000100/00 -19.365	0.003	(6,6)
091  00/00001000001000 -19.683	0.003	(7,6)
092  00/00100001000000 -18.711	0.003	(7,6)
093  0000001000001000 -19.683	0.003	(0,0)
094  0(1)00001001001001 -9.643	0.011	(0,0)
095  0000001001001001 -19.643	0.003	(0,0)
096  0000001000001000 -19.683	0.003	(0,0)
097  0000001000001000 -19.683	0.003	(0,0)
098  0000001000(1)01000 -19.663	0.003	(0,0)
099  0000001/000001000 -19.683	0.003	(6,6)
100  000001(1)/000001100 -19.055	0.003	(6,6)
------------------------------------------------------------

Average fitness: 27.254

Best fitness: 999.907


	Generation 13 completed successfully


------------------------------------------------------------
 #	Chromosome	x	Fitness	Parents
------------------------------------------------------------

001  0100001000010000 -9.678	0.011	(0,0)
002  0000001000010000 -19.678	0.003	(0,0)
003  1000000000100000 0.020	717.620	(0,0)
004  0101001001001000 -7.143	0.020	(0,0)
005  0100001/(1)00100000 -9.512	0.011	(11,10)
006  0100001/000010000 -18.750	0.003	(11,10)
007  0000001000010000 -19.678	0.003	(0,0)
008  (1)101001001001000 12.857	0.006	(0,0)
009  010000/1000010000 -9.678	0.011	(11,11)
010  100001/0000010000 0.635	2.473	(11,11)
011  010000/000010(1)000 -9.975	0.010	(11,10)
012  100001/0000000100 0.628	2.531	(11,10)
013  10/010010010(1)1000 2.867	0.122	(10,12)
014  00/00000010(1)00000 -19.902	0.003	(10,12)
015  10000000001000/(1)0 0.021	692.801	(10,11)
016  00100010001000/10 -14.667	0.005	(10,11)
017  0011001(1)01001000 -6.987	0.020	(0,0)
018  1000000000100000 0.020	717.620	(0,0)
019  0100001000010000 -9.678	0.011	(0,0)
020  0100001000010000 -9.678	0.011	(0,0)
021  00000010000/10000 -19.678	0.003	(13,11)
022  10000000000/10000 0.010	907.915	(13,11)
023  0100001000010000 -9.678	0.011	(0,0)
024  0101001001001000 -7.143	0.020	(0,0)
025  010/0001000010000 0.000	999.907	(4,1)
026  01000/01000000000 -9.687	0.011	(13,10)
027  0100/001000010000 -9.678	0.011	(11,11)
028  0010/000100000000 -14.844	0.005	(11,11)
029  0100001000010000 -9.678	0.011	(0,0)
030  0100001000010000 -19.678	0.003	(0,0)
031  0000001000010000 -19.678	0.003	(0,0)
032  1000001(1)01010100 -6.987	0.020	(0,0)
033  0101001001001/000 -7.143	0.020	(12,12)
034  000(0)010010000/101 -19.294	0.003	(12,12)
035  000000100/0100000 -19.668	0.003	(13,10)
036  001000011/0000000 -14.766	0.005	(13,10)
037  0100001000010000 -9.678	0.011	(0,0)
038  0100(0)01000010000 -5.893	0.029	(0,0)
039  010100(0)0/00010000 -7.490	0.018	(12,11)
040  01001000/10000100 -8.669	0.013	(12,11)
041  00000010000100/00 -19.678	0.003	(13,10)
042  010/0001000010000 0.000	999.907	(4,1)
043  (1)101001001001/000 12.857	0.006	(12,10)
044  0000000010011/000 -19.907	0.003	(12,10)
045  10000000/0(1)010000 0.049	292.898	(10,11)
046  00100000/10000101 -14.919	0.004	(10,11)
047  0000/00100(0)001000 -19.683	0.003	(13,12)
048  0010/000100000001 -14.843	0.005	(13,12)
049  010/0001000010000 -9.678	0.011	(12,13)
050  100/10(1)1001000000 3.477	0.083	(12,13)
051  01010/01000010000 -7.178	0.019	(12,13)
052  01001/00100000001 -8.593	0.014	(12,13)
053  1000000000100000 0.020	717.620	(0,0)
054  10000(1)0000100000 0.645	2.399	(0,0)
055  1000(1)00000100/000 1.270	0.620	(10,12)
056  0001010010010/101 -16.784	0.004	(10,12)
057  01000010000100/00 -9.678	0.011	(11,11)
058  00010011100100/10 -16.942	0.003	(11,11)
059  01010010/01001000 -7.143	0.020	(12,12)
060  01001000/10100100 -8.650	0.013	(12,12)
061  1000000000100000 0.020	717.620	(0,0)
062  0100001000010000 -9.678	0.011	(0,0)
063  0000001000010/000 -19.678	0.003	(13,12)
064  0000100000000/101 -18.747	0.003	(13,12)
065  100000000/1001000 0.044	338.047	(10,12)
066  010000000/1010010 -9.950	0.010	(10,12)
067  000000/1000010000 -19.678	0.003	(13,13)
068  000000/1000010000 0.630	2.512	(13,13)
069  10000000001(1)/1000 0.034	456.779	(10,12)
070  000000010000/1010 -19.838	0.003	(10,12)
071  0101001001001000 -7.143	0.020	(0,0)
072  0000001000010000 -19.678	0.003	(0,0)
073  1000000000100000 0.020	717.620	(0,0)
074  0101001001001000 -7.143	0.020	(0,0)
075  0100001000010/000 -9.678	0.011	(11,10)
076  0000100000001/000 -18.745	0.003	(11,10)
077  010/00010(1)0010000 -9.599	0.011	(11,11)
078  000/1000010000100 -17.419	0.003	(11,11)
079  01000010000/01000 -9.682	0.011	(11,12)
080  10000011010/10100 0.520	3.680	(11,12)
081  0100001/0001(1)0000 -9.658	0.011	(11,10)
082  0000100/000000000 -18.750	0.003	(11,10)
083  0100001000010/000 -9.678	0.011	(11,11)
084  0000010100100/100 -19.197	0.003	(11,11)
085  0000001000010000 -19.678	0.003	(0,0)
086  00(1)1001001001010 -2.143	0.218	(0,0)
087  01010010010/1(1)000 -7.134	0.020	(12,11)
088  01000110100/10000 -8.974	0.012	(12,11)
089  0101001001001000 -7.143	0.020	(0,0)
090  1000000000100000 0.020	717.620	(0,0)
091  010000100001/0000 -9.678	0.011	(11,11)
092  00001000(1)010/1000 -18.647	0.003	(11,11)
093  00000010000/01000 -19.683	0.003	(13,12)
094  10000100010/10100 0.677	2.180	(13,12)
095  01010010010010/00 -7.143	0.020	(12,11)
096  00110010010010/10 -12.142	0.007	(12,11)
097  01010010/00010000 -7.178	0.019	(12,13)
098  01001000/00000100 -8.747	0.013	(12,13)
099  01010010010/(1)1000 -7.134	0.020	(12,12)
100  01000010(1)00/10100 -9.597	0.011	(12,12)
------------------------------------------------------------

Average fitness: 90.115

Best fitness: 999.907


	Generation 14 completed successfully


------------------------------------------------------------
 #	Chromosome	x	Fitness	Parents
------------------------------------------------------------

001  010100/0010100000 -7.402	0.018	(4,14)
002  100100/1000000(0)00 2.813	0.126	(4,14)
003  10/00010000000100 0.628	2.531	(12,12)
004  00/01000000010001 -17.490	0.003	(12,12)
005  0100001/000010000 -9.678	0.011	(5,9)
006  1001000/0000010(1)0 2.506	0.159	(5,9)
007  10000100/00100000 0.645	2.399	(12,3)
008  11010010/01001000 -19.375	0.003	(12,3)
009  010000/1001011000 -9.634	0.011	(5,13)
010  110010/0000000000 11.250	0.008	(5,13)
011  0100001000010000 -9.678	0.011	(0,0)
012  0100001000010000 -9.678	0.011	(0,0)
013  10010/01000010000 2.823	0.125	(13,9)
014  01001/01100000010 -8.280	0.015	(13,9)
015  10000/100(1)0000100 0.706	2.003	(3,12)
016  00000/10000010000 -19.365	0.003	(3,12)
017  0101001/000010000 -7.178	0.019	(4,7)
018  0010010/000001001 -14.369	0.005	(4,7)
019  010100100/1001000 -7.143	0.020	(4,4)
020  110100100/1011000 2.550	0.154	(4,4)
021  010100(0)001001000 -7.456	0.018	(0,0)
022  0100000000101000 -9.975	0.010	(0,0)
023  110/1001001011000 0.021	692.801	(13,15)
024  100/1001011000001 2.931	0.116	(13,15)
025  0100001100100000 -9.512	0.011	(0,0)
026  1000000000100010 0.021	692.801	(0,0)
027  1000010000010/000 0.635	2.473	(10,14)
028  00000010000(1)0/000 -19.678	0.003	(10,14)
029  1000010000010000 0.635	2.473	(0,0)
030  0101001001001000 -7.143	0.020	(0,0)
031  0000001000010(1)00 -19.675	0.003	(0,0)
032  1000000000100010 0.021	692.801	(0,0)
033  1101001/000010(1)00 12.825	0.006	(8,7)
034  0010010/000001101 -14.367	0.005	(8,7)
035  100100100101/1000 2.867	0.122	(13,4)
036  100000010000/1010 0.163	36.418	(13,4)
037  00000/01000010000 -19.678	0.003	(7,9)
038  01000/01000000000 -9.687	0.011	(7,9)
039  0101(1)010010010/00 -5.893	0.029	(4,9)
040  11010010010110/00 -19.979	0.003	(4,9)
041  01/000011001(1)0000 -9.502	0.011	(4,5)
042  01/00100100100000 -8.574	0.014	(4,5)
043  0000000010100/000 -19.902	0.003	(14,5)
044  0000010001000/100 -19.333	0.003	(14,5)
045  10000000/00010000 0.010	907.915	(15,9)
046  00100010/10000100 -14.607	0.005	(15,9)
047  1000000000100000 0.020	717.620	(0,0)
048  10000100000001(1)0 0.629	2.521	(0,0)
049  0000001000010000 -19.678	0.003	(0,0)
050  100(1)010000000100 3.128	0.102	(0,0)
051  100001000/0100010 0.646	2.390	(10,6)
052  001000000/0000000 -15.000	0.004	(10,6)
053  1000000000/010000 0.010	907.915	(3,7)
054  1000000100/000001 0.157	38.908	(3,7)
055  100000/1100100000 0.489	4.171	(3,5)
056  000010/0000010100 -18.738	0.003	(3,5)
057  000000001010/0100 -19.900	0.003	(14,12)
058  110/1001001011000 0.000	999.907	(4,1)
059  10000100000/00000 0.625	2.551	(12,3)
060  00100001001/00000 -14.824	0.005	(12,3)
061  100000000/1001000 0.044	338.047	(3,4)
062  010000000/1010010 -9.950	0.010	(3,4)
063  100000000/0000100 0.003	992.513	(15,12)
064  110100100/1001000 -9.294	0.012	(15,12)
065  110100100100/1000 12.857	0.006	(8,8)
066  100000010001/1010 0.172	32.540	(8,8)
067  1101001001001/000 12.857	0.006	(8,11)
068  110/1001001011000 0.000	999.907	(4,1)
069  00/00000000110000 -19.971	0.003	(6,6)
070  10/01000000100010 -19.883	0.003	(6,6)
071  0100010010/100000 -9.277	0.012	(3,14)
072  0001001000/000000 -17.187	0.003	(3,14)
073  0100000000101000 -9.975	0.010	(0,0)
074  1101001001001000 12.857	0.006	(0,0)
075  01000000001/01000 -9.975	0.010	(11,11)
076  0100001(0)000/10000 -9.678	0.011	(11,11)
077  10010010010/00100 2.854	0.123	(13,12)
078  11000100001/00001 10.646	0.009	(13,12)
079  01010010010010/00 -7.143	0.020	(4,10)
080  00000010000101/00 -19.675	0.003	(4,10)
081  0100/000000101000 -9.975	0.010	(5,11)
082  1101/001001011000 -12.187	0.007	(5,11)
083  1(0)010/00000100010 2.521	0.157	(8,15)
084  01001/00100000000 -8.594	0.014	(8,15)
085  10010/01000010000 2.823	0.125	(13,7)
086  01001/01100000100 -8.279	0.015	(13,7)
087  0101001001001/000 -7.143	0.020	(4,5)
088  0000001000000/100 -19.685	0.003	(4,5)
089  1000000000100010 0.021	692.801	(0,0)
090  1101001001001000 12.857	0.006	(0,0)
091  0011001/001001000 -12.143	0.007	(6,4)
092  0000000/001001000 -19.956	0.003	(6,4)
093  001100100/10(0)1000 -12.143	0.007	(6,13)
094  000000001/0010010 -19.911	0.003	(6,13)
095  0101001001001000 -7.143	0.020	(0,0)
096  1000010000010000 0.635	2.473	(0,0)
097  000000100/0100010 -19.667	0.003	(7,15)
098  001000001/0000000 -14.922	0.004	(7,15)
099  11010010010(1)1000 12.867	0.006	(0,0)
100  1000010000000100 0.628	2.531	(0,0)
------------------------------------------------------------

Average fitness: 87.733

Best fitness: 999.907


	Generation 15 completed successfully


------------------------------------------------------------
 #	Chromosome	x	Fitness	Parents
------------------------------------------------------------

001  0000001000010000 -19.678	0.003	(0,0)
002  1101001001011000 12.867	0.006	(0,0)
003  100/00(0)0000010000 0.010	907.915	(26,27)
004  000/0000100010000 -19.834	0.003	(26,27)
005  01010010/01001000 -7.143	0.020	(30,30)
006  10000(0)10/00011000 -8.025	0.016	(30,30)
007  1000000000100/100 0.022	668.308	(26,23)
008  0101001001000/100 -7.146	0.020	(26,23)
009  1000010000010/001 0.636	2.469	(29,24)
010  0000010000011/001 -19.360	0.003	(29,24)
011  1000010000010000 0.635	2.473	(0,0)
012  0101001001001000 -7.143	0.020	(0,0)
013  1001/1100(0)0100100 4.397	0.052	(24,23)
014  0010/110000010000 -13.115	0.006	(24,23)
015  010011001/0010000 -8.037	0.015	(23,27)
016  010010001/0000100 -8.669	0.013	(23,27)
017  0101001001001000 -7.143	0.020	(0,0)
018  0000001000010000 -19.678	0.003	(0,0)
019  100000/1000011000 0.010	907.915	(26,27)
020  000010/0010110000 -18.643	0.003	(26,27)
021  1000(1)00000100010 1.271	0.619	(0,0)
022  1000010000010000 0.635	2.473	(0,0)
023  000000100001/0010 -19.677	0.003	(28,26)
024  100/0001000011000 0.000	999.907	(4,1)
025  100000100001/1000 0.020	717.620	(26,23)
026  001(1)00100001/0000 -12.178	0.007	(26,23)
027  0000001000010000 -19.678	0.003	(0,0)
028  1000000000100000 0.020	717.620	(0,0)
029  0100010000010000 -9.365	0.011	(0,0)
030  1000001000011000 0.635	2.473	(0,0)
031  01000100000100/01 -9.364	0.011	(27,24)
032  01000010010000/00 -17.141	0.003	(27,24)
033  1000000000/100010 0.021	692.801	(26,26)
034  1000(0)00011/000000 0.117	67.545	(26,26)
035  10010010110/10000 2.940	0.116	(24,27)
036  00001001100/1(1)001 -18.500	0.003	(24,27)
037  0100010000010000 -9.365	0.011	(0,0)
038  1000001000011000 0.635	2.473	(0,0)
039  01/00010000010000 -9.365	0.011	(25,29)
040  00/00110010000000 -18.047	0.003	(25,29)
041  01000100/00010000 -9.365	0.011	(27,29)
042  10000010/00011000 -17.495	0.003	(27,29)
043  1000010/011000001 0.743	1.808	(29,24)
044  0000100/001001000 -18.706	0.003	(29,24)
045  00/01001001001000 -17.144	0.003	(28,30)
046  00/00100001000001 -18.710	0.003	(28,30)
047  100/0010000010000 0.635	2.473	(26,27)
048  000/0000100010001 -19.833	0.003	(26,27)
049  00000010000100/00 -19.678	0.003	(28,27)
050  00010110(1)10000/10 -16.444	0.004	(28,27)
051  000100000/0001000 -17.495	0.003	(23,23)
052  000100010/0010000 -17.334	0.003	(23,23)
053  10000000001/01000 0.025	620.710	(26,23)
054  00010100000/00100 -16.873	0.004	(26,23)
055  10000000/00010000 0.010	907.915	(26,29)
056  00100010/00001001 -14.682	0.005	(26,29)
057  0000001(1)00010/000 -19.521	0.003	(28,29)
058  0001001110011/000 -16.938	0.003	(28,29)
059  (1)00/1001001001000 2.857	0.123	(28,30)
060  000/(0)000010000100 -19.919	0.003	(28,30)
061  10(1)00/10000010000 5.635	0.031	(29,29)
062  10000/010000(1)1000 0.327	9.240	(29,29)
063  01010010010/01000 -7.143	0.020	(30,30)
064  01000000000/10100 -9.988	0.010	(30,30)
065  1000001000011/000 0.327	9.240	(23,30)
066  100/0001000011000 0.000	999.907	(4,1)
067  010100100/0100010 -7.167	0.019	(30,26)
068  010000001/1(0)00010 2.598	0.148	(30,26)
069  0100010000010000 -9.365	0.011	(0,0)
070  1001001011000001 2.931	0.116	(0,0)
071  00(1)0001000/010000 -14.678	0.005	(28,29)
072  0100000011/000010 -9.881	0.010	(28,29)
073  0101001001/000001 -7.148	0.020	(30,24)
074  0010001001/001001 -14.643	0.005	(30,24)
075  100001000/0010000 0.635	2.473	(29,28)
076  001000000/0000010 -14.999	0.004	(29,28)
077  010/0001000010000 -9.678	0.011	(27,28)
078  001/0000010000100 -14.919	0.004	(27,28)
079  100001000(1)/100010 0.685	2.126	(29,26)
080  0100001001/000000 -9.648	0.011	(29,26)
081  0101001001001000 -7.143	0.020	(0,0)
082  1000010000010000 0.635	2.473	(0,0)
083  10000000001000/00 0.020	717.620	(26,30)
084  10000101001000/10 0.802	1.551	(26,30)
085  010000110010/0010 -9.510	0.011	(25,26)
086  000010000000/0000 -19.678	0.003	(25,26)
087  0000/010000010000 -19.365	0.003	(28,27)
088  0010/000100000000 -14.844	0.005	(28,27)
089  100001000/010(1)010 0.651	2.354	(29,26)
090  001000001/0000000 -14.922	0.004	(29,26)
091  1000/010000010000 0.635	2.473	(26,29)
092  0000/0010(1)0100000 -19.590	0.003	(26,29)
093  0000/001011000001 -19.570	0.003	(28,24)
094  0010/000100000100 -14.841	0.005	(28,24)
095  01(1)0010/000100010 -4.354	0.053	(27,26)
096  0000100/000000000 -18.750	0.003	(27,26)
097  0100010000010/010 -9.364	0.011	(27,26)
098  0000100000001/000 -18.745	0.003	(27,26)
099  0000001000010000 -19.678	0.003	(0,0)
100  1(1)00010000010000 10.635	0.009	(0,0)
------------------------------------------------------------

Average fitness: 89.761

Best fitness: 999.907


	Generation 16 completed successfully


------------------------------------------------------------
 #	Chromosome	x	Fitness	Parents
------------------------------------------------------------

001  01/0000000001(1)000 -9.985	0.010	(5,3)
002  01/00100100100000 -8.574	0.014	(5,3)
003  0101/(1)01000011000 -5.923	0.029	(5,6)
004  0010/010010000001 -14.296	0.005	(5,6)
005  010100100100/0100 -7.146	0.020	(8,8)
006  01(1)000000000/1010 -4.994	0.040	(8,8)
007  00000001000100/01 -19.833	0.003	(4,10)
008  10010010001(1)00/00 -19.639	0.003	(4,10)
009  0000000100010000 -19.834	0.003	(0,0)
010  0101001001001000 -7.143	0.020	(0,0)
011  01/000000001(1)0100 -9.968	0.010	(5,7)
012  01/00100100100000 -8.574	0.014	(5,7)
013  1000/010000011001 0.641	2.431	(9,10)
014  0100/000100010(1)10 -9.830	0.010	(9,10)
015  100/001000(1)010001 0.675	2.192	(3,9)
016  000/00(1)0010000000 -19.297	0.003	(3,9)
017  0101001/001000100 -7.146	0.020	(8,8)
018  0010001/001001001 -14.643	0.005	(8,8)
019  01010010/01001000 -7.143	0.020	(5,5)
020  10000100/00010100 -8.650	0.013	(5,5)
021  10000000001001/01 0.023	656.218	(7,9)
022  100/0010000010100 0.000	999.907	(4,1)
023  1000010/000010100 -8.739	0.013	(6,9)
024  0000100/010010001 -18.661	0.003	(6,9)
025  0101001001001000 -7.143	0.020	(0,0)
026  0101001001001000 -7.143	0.020	(0,0)
027  100001000/1000100 0.667	2.244	(9,8)
028  001000100/1010010 -14.637	0.005	(9,8)
029  10000000001/10000 0.030	532.961	(7,3)
030  00100010011/00000 -14.629	0.005	(7,3)
031  10000/10000010001 0.636	2.469	(7,9)
032  00000/10010000010 -19.296	0.003	(7,9)
033  000001000001/0100 -19.363	0.003	(10,7)
034  1001010(1)0001/0000 3.291	0.092	(10,7)
035  00000001000100/01 -19.833	0.003	(4,6)
036  00000001000010/10 -19.838	0.003	(4,6)
037  10000100/00010001 0.636	2.469	(9,6)
038  00010001/10010(1)00 -17.253	0.003	(9,6)
039  01(1)1001001000/100 -2.146	0.217	(8,6)
040  1000010000010/100 1.263	0.627	(8,6)
041  10001000/00100100 1.272	0.617	(6,7)
042  00010100/00000000 -16.875	0.004	(6,7)
043  0000000100010000 -19.834	0.003	(0,0)
044  0000000100010000 -19.834	0.003	(0,0)
045  10000000000100/00 0.010	907.915	(3,7)
046  001000101000(1)1/00 -14.602	0.005	(3,7)
047  100/0100000010100 1.263	0.627	(7,6)
048  000/0000100100110 -19.821	0.003	(7,6)
049  1000010000010001 0.636	2.469	(0,0)
050  1000010000010001 0.636	2.469	(0,0)
051  10000000/00100100 0.022	668.308	(3,7)
052  00010000/00000000 -17.500	0.003	(3,7)
053  10000100000100(1)1 0.637	2.459	(0,0)
054  1000000000(1)10000 0.030	532.961	(0,0)
055  00000100000110/00 -19.360	0.003	(10,8)
056  01001000000100/10 -8.739	0.013	(10,8)
057  1000/001000010100 0.325	9.378	(9,6)
058  1000/01(0)000010100 -9.519	0.011	(9,6)
059  0101001001001/001 -7.143	0.020	(5,9)
060  0000000100101/000 -19.819	0.003	(5,9)
061  0100001100010100 -9.519	0.011	(0,0)
062  1000010000010001 0.636	2.469	(0,0)
063  100001000001/0001 0.636	2.469	(9,9)
064  000001000001/1001 -17.490	0.003	(9,9)
065  1000000000100100 0.022	668.308	(0,0)
066  1000010000010001 0.636	2.469	(0,0)
067  100/0010000010001 0.636	2.469	(9,9)
068  100/0010000010100 -14.914	0.004	(9,9)
069  010100100100/0100 -7.146	0.020	(8,7)
070  100001000001/0100 -9.971	0.010	(8,7)
071  01/01000000010000 -7.490	0.018	(8,3)
072  01/00100100010(1)00 -8.581	0.014	(8,3)
073  0010000010001100 -14.914	0.004	(0,0)
074  0000010000011001 -19.360	0.003	(0,0)
075  1000010000/011(1)01 0.643	2.413	(9,3)
076  0100011000/000010 -9.061	0.012	(9,3)
077  10000100000100/01 0.636	2.469	(9,9)
078  01000100(1)01001/00 -9.275	0.012	(9,9)
079  (0)0000/00010001100 -19.915	0.003	(9,6)
080  10000/01000110100 0.345	8.353	(9,6)
081  0101001/00(1)011001 -7.133	0.020	(5,3)
082  1000010/000010100 -14.363	0.005	(5,3)
083  1000010000/010100 0.638	2.454	(9,6)
084  0100010100/010010 -9.208	0.012	(9,6)
085  010(0)00100100/0100 -9.646	0.011	(5,6)
086  100010110000/0100 1.722	0.337	(5,6)
087  0000000100010000 -19.834	0.003	(0,0)
088  1000000000100100 0.022	668.308	(0,0)
089  010100/00000110(1)1 -7.483	0.018	(5,3)
090  100100/1000110000 2.842	0.124	(5,3)
091  000000010001(1)000 -19.829	0.003	(0,0)
092  0000000100010000 -19.834	0.003	(0,0)
093  0000010000/010000 -19.365	0.003	(3,4)
094  0110010010/0000(1)0 -4.295	0.054	(3,4)
095  10/00000000100100 0.022	668.308	(9,7)
096  00/01000001000100 -17.458	0.003	(9,7)
097  000000010001/1000 -19.829	0.003	(4,5)
098  100/0010000010100 0.000	999.907	(4,1)
099  1000010000010/(1)00 0.638	2.454	(9,5)
100  00100(0)0000000/101 -14.997	0.004	(9,5)
------------------------------------------------------------

Average fitness: 73.630

Best fitness: 999.907


	Generation 17 completed successfully


------------------------------------------------------------
 #	Chromosome	x	Fitness	Parents
------------------------------------------------------------

001  01010/10000010100 -6.863	0.021	(25,22)
002  01001/00100011000 -8.579	0.014	(25,22)
003  0101001001001000 -7.143	0.020	(0,0)
004  0101001001001000 -7.143	0.020	(0,0)
005  00001000100/00001 -18.671	0.003	(24,23)
006  01001000001/00000 1.895	0.278	(24,23)
007  0101001001001000 -7.143	0.020	(0,0)
008  1000110000100(1)01 1.898	0.278	(0,0)
009  100011/0000100001 1.895	0.278	(23,22)
010  00001(1)/0001111001 -18.051	0.003	(23,22)
011  01010010010(1)10/00 -7.134	0.020	(25,25)
012  00010010010010/10 -17.142	0.003	(25,25)
013  10000000001001/01 0.023	656.218	(21,24)
014  01101100000100/00 -3.115	0.103	(21,24)
015  1000110000/100001 1.895	0.278	(23,22)
016  1000010011/000110 0.746	1.793	(23,22)
017  0000/110(1)00100001 2.052	0.237	(22,23)
018  1100/001000010000 10.323	0.009	(22,23)
019  0100100000100000 1.895	0.278	(0,0)
020  0101001001001000 -7.143	0.020	(0,0)
021  0000100010/100001 -18.652	0.003	(24,23)
022  0100010001/000110 -9.332	0.011	(24,23)
023  010/0100010010001 -8.661	0.013	(25,24)
024  010/0100000100000 2.853	0.123	(25,24)
025  010010/0000100000 -7.143	0.020	(25,25)
026  100100/1000(1)10000 2.842	0.124	(25,25)
027  01010010010010/00 -7.143	0.020	(25,23)
028  00000000001000/10 -19.979	0.003	(25,23)
029  0101001/000100101 -7.165	0.019	(23,21)
030  010/0100000100000 0.000	999.907	(4,1)
031  000000000000/0001 -19.999	0.003	(22,24)
032  001000100010/0101 -19.667	0.003	(22,24)
033  000010001001/1000 -18.657	0.003	(24,25)
034  000100001100/1010 -17.377	0.003	(24,25)
035  010/0100000100000 0.000	999.907	(4,1)
036  00/10001001000101 -14.645	0.005	(24,23)
037  00001000/10010001 -18.661	0.003	(24,24)
038  01001000/00100000 2.666	0.141	(24,24)
039  000010001001/0000 -18.662	0.003	(24,22)
040  000111001001/0010 -15.536	0.004	(24,22)
041  100/0100010010001 1.339	0.558	(21,24)
042  010/0100000100000 -19.819	0.003	(21,24)
043  0000100010010001 -18.661	0.003	(0,0)
044  00(1)0000100101000 -14.819	0.005	(0,0)
045  000010001001/0001 -18.661	0.003	(24,24)
046  000100100100/0001 -17.148	0.003	(24,24)
047  (0)00000000010/0001 -19.980	0.003	(21,24)
048  010100010000/0001 -7.343	0.019	(21,24)
049  00001000/00101000 -18.726	0.003	(24,22)
050  10010001/00000010 2.658	0.142	(24,22)
051  00001(1)001001/1000 -18.032	0.003	(24,23)
052  000100010000/0000 -17.344	0.003	(24,23)
053  0000000100101000 -19.819	0.003	(0,0)
054  0000000100101000 -19.819	0.003	(0,0)
055  0000100010010001 -18.661	0.003	(0,0)
056  0000000100101000 -19.819	0.003	(0,0)
057  0000000100/101000 -19.819	0.003	(23,23)
058  1010001110/000000 5.547	0.032	(23,23)
059  0000100010010/001 -18.661	0.003	(24,24)
060  0011000010000/000 -12.422	0.006	(24,24)
061  00001/00000100101 -18.727	0.003	(24,21)
062  01001/00000100000 -17.163	0.003	(24,21)
063  000100100/0010001 -17.177	0.003	(23,24)
064  010100000/0001000 -7.495	0.018	(23,24)
065  01/0100100(1)101000 -7.124	0.020	(25,22)
066  01/00100(0)00100000 -8.730	0.013	(25,22)
067  01001000/0010(1)000 -8.725	0.013	(22,23)
068  01010(0)10/01001000 -14.287	0.005	(22,23)
069  00001000/00100000 -18.730	0.003	(24,23)
070  10010001/10010001 2.745	0.133	(24,23)
071  010100100(0)001000 -7.182	0.019	(0,0)
072  0101001001001000 -7.143	0.020	(0,0)
073  0000100010/100000 -18.652	0.003	(24,23)
074  0100011000/100100 -9.040	0.012	(24,23)
075  00001000100/01000 -18.667	0.003	(24,25)
076  10001000000/10100 1.263	0.627	(24,25)
077  01001/00000100000 -8.730	0.013	(22,23)
078  00000/10000000100 -19.373	0.003	(22,23)
079  0000100010010/000 -18.662	0.003	(24,25)
080  0010001000100/101 -14.665	0.005	(24,25)
081  0100100/000100000 -8.730	0.013	(23,22)
082  0001000/000100000 -17.480	0.003	(23,22)
083  1000000000100101 0.023	656.218	(0,0)
084  1000000000100101 0.023	656.218	(0,0)
085  010010/0010010001 -8.661	0.013	(23,24)
086  000010/00(0)0010100 -18.660	0.003	(23,24)
087  0100100000100000 -8.730	0.013	(0,0)
088  0100100000100000 -8.730	0.013	(0,0)
089  010/(0)001001001000 -9.643	0.011	(22,25)
090  010/0000100000000 -9.844	0.010	(22,25)
091  (1)0000100100/10001 0.714	1.959	(16,24)
092  000(1)0010010/00010 -17.147	0.003	(16,24)
093  100000000010/1000 0.025	620.710	(21,25)
094  010100010000/1010 -7.337	0.019	(21,25)
095  010010/1001001000 -8.393	0.014	(22,25)
096  000010/0000010100 -18.738	0.003	(22,25)
097  00001000/00100000 -18.730	0.003	(24,23)
098  10010001/10010000 2.744	0.133	(24,23)
099  (1)1/00100010010001 11.339	0.008	(25,24)
100  01/00100100100000 -8.574	0.014	(25,24)
------------------------------------------------------------

Average fitness: 45.973

Best fitness: 999.907


	Generation 18 completed successfully


------------------------------------------------------------
 #	Chromosome	x	Fitness	Parents
------------------------------------------------------------

001  0100100000100(1)00 -8.728	0.013	(0,0)
002  1(0)00001000010000 0.323	9.519	(0,0)
003  0100100000100000 -8.730	0.013	(0,0)
004  0000110100100001 -17.949	0.003	(0,0)
005  1000000/000010000 0.010	907.915	(13,14)
006  0001001/010110010 -17.079	0.003	(13,14)
007  0110110000/100000 -3.105	0.104	(14,19)
008  1000001000/000100 -9.665	0.011	(14,19)
009  10000100/00100101 0.648	2.377	(16,13)
010  11000110/00000000 10.938	0.008	(16,13)
011  0110/110000010000 -3.115	0.103	(14,14)
012  1100/000100000000 10.157	0.010	(14,14)
013  011011(1)000010/001 -2.802	0.127	(14,15)
014  0000000100011/000 -19.829	0.003	(14,15)
015  0010010000/100001 -14.355	0.005	(14,17)
016  0100000010/000(0)10 -9.921	0.010	(14,17)
017  001001000/1000110 -14.332	0.005	(14,16)
018  001000001/0(1)00100 -14.900	0.005	(14,16)
019  0010010000010000 -14.365	0.005	(0,0)
020  1000001100010000 0.746	1.793	(0,0)
021  0010(1)10/000011110 -13.107	0.006	(14,19)
022  1000001/100010000 -18.732	0.003	(14,19)
023  1000001100010000 -14.365	0.005	(0,0)
024  0010010000010000 -14.365	0.005	(0,0)
025  000100100001/0001 -14.365	0.005	(14,15)
026  000000100101/0001 -19.638	0.003	(14,15)
027  00001/10100100001 -17.949	0.003	(17,17)
028  10100/10000110010 5.656	0.031	(17,17)
029  1000110000100/000 1.895	0.278	(15,19)
030  0010001001100/010 -14.628	0.005	(15,19)
031  11000010000/10000 10.323	0.009	(18,14)
032  10000100100/01001 0.709	1.986	(18,14)
033  10000/10000(0)00001 0.626	2.546	(13,15)
034  100/0001100010000 0.000	999.907	(4,1)
035  00100100/00010000 -14.365	0.005	(19,19)
036  00010000/01001000 -17.456	0.003	(19,19)
037  00100100/00010000 -14.365	0.005	(14,18)
038  00010000/10000100 -17.419	0.003	(14,18)
039  1000010/010010000 0.713	1.962	(16,19)
040  1000001/10(0)010000 -4.482	0.050	(16,19)
041  10001/01000010000 1.573	0.404	(15,18)
042  10000/10000100000 0.645	2.399	(15,18)
043  00100100000100/01 -14.365	0.005	(14,13)
044  100/0001100010000 0.000	999.907	(4,1)
045  001001000(1)010/000 -14.326	0.005	(14,14)
046  0000001010000/010 -19.608	0.003	(14,14)
047  00100100000/10000 -14.365	0.005	(14,14)
048  10000001000/01001 0.162	36.683	(14,14)
049  100/0000000100101 0.023	656.218	(13,13)
050  000/0000100101001 -19.819	0.003	(13,13)
051  0110001101010000 -4.482	0.050	(0,0)
052  0110001101010000 -4.482	0.050	(0,0)
053  0(1)1/0001101010000 -4.482	0.050	(14,19)
054  001/00(1)0010000000 -14.297	0.005	(14,19)
055  1000110/011000110 1.996	0.251	(15,16)
056  0001000/010010010 -17.411	0.003	(15,16)
057  0000110/000100001 -18.105	0.003	(17,15)
058  1000001/100010000 2.608	0.147	(17,15)
059  100001001/0100101 0.726	1.894	(16,13)
060  100011011/0000000 2.110	0.225	(16,13)
061  10000/10100100001 0.802	1.553	(16,17)
062  10011/00011010001 3.878	0.066	(16,17)
063  0010010000010000 -14.365	0.005	(0,0)
064  10000100000000(1)0 0.024	632.409	(0,0)
065  0000110100100/001 -17.949	0.003	(17,15)
066  0010010000011/000 -14.360	0.005	(17,15)
067  100101/0011000110 3.246	0.095	(19,16)
068  1000(0)0/1100010000 -19.346	0.003	(19,16)
069  10001100001000/01 1.895	0.278	(15,13)
070  11001100001000/01 -9.363	0.011	(15,13)
071  1000010011000110 0.746	1.793	(0,0)
072  1000010011000110 0.746	1.793	(0,0)
073  0000110100/110000 -17.939	0.003	(17,19)
074  1000010000/000010 0.627	2.541	(17,19)
075  0000110100100(1)01 -17.946	0.003	(0,0)
076  0000010000110000 -19.346	0.003	(0,0)
077  0(1)000100001100/00 -9.346	0.011	(19,18)
078  000001(1)0101001/10 -18.961	0.003	(19,18)
079  1000010011000110 0.746	1.793	(0,0)
080  00(0)0010000010000 -19.365	0.003	(0,0)
081  100000000010/0110 0.023	644.248	(13,16)
082  100000110001/0000 -6.846	0.021	(13,16)
083  11/00110000100001 11.896	0.007	(18,15)
084  00/001000010000(0)0 -18.711	0.003	(18,15)
085  1100001000010000 10.323	0.009	(0,0)
086  001001000(1)010000 -14.326	0.005	(0,0)
087  00(1)011010010/0000 -12.949	0.006	(17,19)
088  000100000010/1010 -17.474	0.003	(17,19)
089  00100/00000100101 -14.977	0.004	(14,13)
090  10000/01000000100 0.315	9.962	(14,13)
091  11000(1)1000/100001 10.958	0.008	(18,15)
092  010000010(0)/000110 -9.840	0.010	(18,15)
093  1000110/000110000 1.905	0.276	(15,19)
094  0001000/011010010 -17.372	0.003	(15,19)
095  0010010000010000 -14.365	0.005	(0,0)
096  0010010000010000 -14.365	0.005	(0,0)
097  110000100001/0001 10.323	0.009	(18,17)
098  100000110001/0000 -19.355	0.003	(18,17)
099  10000/01(1)00010000 0.479	4.343	(13,18)
100  00000/10(1)10100101 -19.118	0.003	(13,18)
------------------------------------------------------------

Average fitness: 49.285

Best fitness: 999.907


	Generation 19 completed successfully


------------------------------------------------------------
 #	Chromosome	x	Fitness	Parents
------------------------------------------------------------

001  0000000/000000100 0.003	992.513	(5,8)
002  0000100/000001000 -18.745	0.003	(5,8)
003  1000010000100101 0.648	2.377	(0,0)
004  1000001000000100 0.315	9.962	(0,0)
005  10000010/00100000 0.332	8.973	(8,7)
006  00001011/00011000 -19.243	0.003	(8,7)
007  00010010101(0)0010 -17.089	0.003	(0,0)
008  1100011000000000 10.938	0.008	(0,0)
009  00010010/00000100 -17.185	0.003	(6,8)
010  1011001(1)/00000101 7.972	0.016	(6,8)
011  0001001010110/000 -17.080	0.003	(6,5)
012  0101001001001/000 -7.143	0.020	(6,5)
013  100/1001010110010 2.921	0.117	(5,6)
014  000/0000010000000 -19.922	0.003	(5,6)
015  100001/0000010000 0.635	2.473	(9,5)
016  000010/0101000110 -18.551	0.003	(9,5)
017  1000001000000/000 0.313	10.116	(8,7)
018  1000001000010/110 0.326	9.308	(8,7)
019  0000101100/011000 0.023	656.218	(5,9)
020  0100001001/000010 -9.647	0.011	(5,9)
021  1000000000010000 0.010	907.915	(0,0)
022  1000010000100101 0.648	2.377	(0,0)
023  0110110000100000 -3.105	0.104	(0,0)
024  0000101100011000 -17.079	0.003	(0,0)
025  0000101100011/000 0.011	886.916	(5,6)
026  0001001000110/001 -17.158	0.003	(5,6)
027  0001001010110010 -17.079	0.003	(0,0)
028  1000010000100101 0.648	2.377	(0,0)
029  00010010/00100101 -17.165	0.003	(6,9)
030  00001011/00011000 7.818	0.016	(6,9)
031  000100101011(1)010 -17.074	0.003	(0,0)
032  1100101001000001 0.315	9.962	(0,0)
033  10000000/10110010 0.109	77.700	(5,6)
034  00010000/00100100 -17.478	0.003	(5,6)
035  0000101100/011000 -17.079	0.003	(6,6)
036  1100101000/001001 11.568	0.007	(6,6)
037  100000000(1)0100/00 0.049	292.898	(5,5)
038  00001011000110/00 -17.078	0.003	(5,5)
039  0110110000100000 -3.105	0.104	(0,0)
040  0110110000100000 -3.105	0.104	(0,0)
041  0001/001010110010 -17.079	0.003	(6,6)
042  0000/101100011000 -13.259	0.006	(6,6)
043  1000000000/100000 0.020	717.620	(5,7)
044  0100001100/110110 -9.498	0.011	(5,7)
045  1000000000010000 0.010	907.915	(0,0)
046  0001001010110010 -17.079	0.003	(0,0)
047  0110110000/110010 -3.094	0.104	(7,6)
048  1000000100/0(1)1001 0.172	32.764	(7,6)
049  10/01001010110010 2.921	0.117	(8,6)
050  00/001000(1)0010010 -18.661	0.003	(8,6)
051  0110110000/100000 -3.105	0.104	(7,7)
052  1000000100/110110 0.190	27.088	(7,7)
053  1000(1)0/1010110010 1.671	0.358	(8,6)
054  100000/0100001000 0.161	36.951	(8,6)
055  0110110/000010000 -3.115	0.103	(7,5)
056  0001000/000000000 -17.500	0.003	(7,5)
057  01101100/00010000 -3.115	0.103	(7,5)
058  00100000/00000(1)00 -14.997	0.004	(7,5)
059  100000/0000010000 0.010	907.915	(5,5)
060  000001/0000000000 -19.375	0.003	(5,5)
061  100001000/0110010 0.656	2.320	(9,6)
062  000010110/0011000 -8.270	0.015	(9,6)
063  10/00001000000100 0.315	9.962	(9,8)
064  00/01000010010100 -17.410	0.003	(9,8)
065  0110110000100/000 -3.105	0.104	(7,5)
066  0000101100011/000 -18.267	0.003	(7,5)
067  0001001010110/100 -17.078	0.003	(6,8)
068  0000000000100/100 -8.725	0.013	(6,8)
069  (0)000010000100/101 -19.352	0.003	(9,9)
070  1011000110011/000 7.749	0.017	(9,9)
071  11000110/10110010 11.047	0.008	(10,6)
072  000/0101100011000 0.000	999.907	(4,1)
073  0001001010110010 -17.079	0.003	(0,0)
074  1000010000100101 0.648	2.377	(0,0)
075  10/00010000100101 0.648	2.377	(9,9)
076  00/01000010010100 -17.410	0.003	(9,9)
077  10/00000000010000 0.010	907.915	(9,5)
078  00/01000010010100 -17.410	0.003	(9,5)
079  0001001010/000001 -17.109	0.003	(6,8)
080  1100101001/000001 11.603	0.007	(6,8)
081  11/00011000000000 10.938	0.008	(8,10)
082  00/10100100000100 -13.591	0.005	(8,10)
083  000/1001010110010 -17.079	0.003	(6,6)
084  100/101011001(1)101 3.377	0.088	(6,6)
085  10000/10000100101 0.648	2.377	(5,9)
086  00000/01000010000 -19.684	0.003	(5,9)
087  10/00101001000001 1.603	0.389	(5,8)
088  000/0101100011000 0.000	999.907	(4,1)
089  00010010101100/10 -17.079	0.003	(6,6)
090  10000001000000/00 0.157	39.200	(6,6)
091  110010100100/0001 11.603	0.007	(8,8)
092  000101000101/1001 -16.821	0.004	(8,8)
093  1000000000010000 0.010	907.915	(0,0)
094  1100101001000001 11.603	0.007	(0,0)
095  110001100000/0000 10.938	0.008	(10,5)
096  000000100001/0000 -19.678	0.003	(10,5)
097  01/00101001000001 -8.398	0.014	(7,8)
098  10/11000010000000 7.579	0.017	(7,8)
099  110010100100/0000 11.602	0.007	(8,7)
100  000110010010/1101 -16.066	0.004	(8,7)
------------------------------------------------------------

Average fitness: 103.788

Best fitness: 999.907


	Generation 20 completed successfully


************************************************************
	+	THE BEST OF ALL
************************************************************
	Binary chromosome: 00010011101/01(0)00
	x = 0.000	Fitness = 999.907
	Parents: (12, 1)
